 RGE Running            1 .-iteration
 RGE Running            2 .-iteration
 RGE Running            3 .-iteration
 RGE Running            4 .-iteration
 RGE Running            5 .-iteration
 IIp called with small input:    4.7530036849551629E-006   21190743.956446499        17519301.158045210        14276475.613701319     
 IIp called with small input:    4.7530036849551629E-006   21190743.956446499        17519224.675436351        14276475.613701319     
 IIp called with small input:    4.7530036849551629E-006   21190743.956446499        15898112.699516457        14276475.613701319     
 IIp called with small input:    1.2200824975534851E-006   21190743.956446499        17519301.156710174        14276475.613701319     
 IIp called with small input:    1.2200824975534851E-006   21190743.956446499        15992707.228853377        14276475.613701319     
 MM somehow called with small inputs:    17519301.158045210        4.7530036849551629E-006   15898112.699516457        4.7530036849551629E-006   21190743.956446499        14276475.613701319     
 MM somehow called with small inputs:    17519301.158045210        4.7530036849551629E-006   15898112.699516457        4.7530036849551629E-006   21190743.956446499        14276475.613701319     
 MM somehow called with small inputs:    15898112.699516457        4.7530036849551629E-006   17519301.158045210        4.7530036849551629E-006   21190743.956446499        14276475.613701319     
 MM somehow called with small inputs:    15898112.699516457        4.7530036849551629E-006   17519301.158045210        4.7530036849551629E-006   21190743.956446499        14276475.613701319     
 MM somehow called with small inputs:    17519301.158045210        4.7530036849551629E-006   15898112.699516457        4.7530036849551629E-006   21190743.956446499        14276475.613701319     
 MM somehow called with small inputs:    17519301.158045210        4.7530036849551629E-006   15898112.699516457        4.7530036849551629E-006   21190743.956446499        14276475.613701319     
 MM somehow called with small inputs:    15898112.699516457        4.7530036849551629E-006   17519301.158045210        4.7530036849551629E-006   21190743.956446499        14276475.613701319     
 MM somehow called with small inputs:    15898112.699516457        4.7530036849551629E-006   17519301.158045210        4.7530036849551629E-006   21190743.956446499        14276475.613701319     
 Higgs mass outside range of cross section fit (gluon fusion):            3
 Higgs mass outside range of cross section fit (vector boson fusion):            3
 Higgs mass outside range of cross section fit (associated W production):            3
 Higgs mass outside range of cross section fit (associated Z production):            3
 Higgs mass outside range of cross section fit (associated top production):            3
 Higgs mass outside range of cross section fit (gluon fusion):            4
 Higgs mass outside range of cross section fit (vector boson fusion):            4
 Higgs mass outside range of cross section fit (associated W production):            4
 Higgs mass outside range of cross section fit (associated Z production):            4
 Higgs mass outside range of cross section fit (associated top production):            4
 Higgs mass outside range of cross section fit (gluon fusion):            2
 Higgs mass outside range of cross section fit (vector boson fusion):            2
 Higgs mass outside range of cross section fit (associated W production):            2
 Higgs mass outside range of cross section fit (associated Z production):            2
 Higgs mass outside range of cross section fit (associated top production):            2
 Higgs mass outside range of cross section fit (gluon fusion):            3
 Higgs mass outside range of cross section fit (vector boson fusion):            3
 Higgs mass outside range of cross section fit (associated W production):            3
 Higgs mass outside range of cross section fit (associated Z production):            3
 Higgs mass outside range of cross section fit (associated top production):            3
 Higgs mass outside range of cross section fit (gluon fusion):            4
 Higgs mass outside range of cross section fit (vector boson fusion):            4
 Higgs mass outside range of cross section fit (associated W production):            4
 Higgs mass outside range of cross section fit (associated Z production):            4
 Higgs mass outside range of cross section fit (associated top production):            4
 Numerical problem in MonopoleSFF
 Involved masses:    6461.8810268758980        2.0410903992250552E-014   2.0410903992250552E-014
 Numerical problem in MonopoleSFF
 Involved masses:    6461.8810268758980        2.0410903992250552E-014   2.0410903992250552E-014
 Numerical problem in MonopoleSFF
 Involved masses:    6461.8810268758980        2.0410903992250552E-014   2.0419326628229726E-014
 Numerical problem in MonopoleSFF
 Involved masses:    6461.8810268758980        2.0410903992250552E-014   2.0419326628229726E-014
 Numerical problem in MonopoleSFF
 Involved masses:    6461.8810268758980        2.0410903992250552E-014   2.3864843281949639E-014
 Numerical problem in MonopoleSFF
 Involved masses:    6461.8810268758980        2.0410903992250552E-014   2.3864843281949639E-014
 Numerical problem in MonopoleSFF
 Involved masses:    6461.8810268758980        2.0419326628229726E-014   2.0410903992250552E-014
 Numerical problem in MonopoleSFF
 Involved masses:    6461.8810268758980        2.0419326628229726E-014   2.0410903992250552E-014
 Numerical problem in MonopoleSFF
 Involved masses:    6461.8810268758980        2.0419326628229726E-014   2.0419326628229726E-014
 Numerical problem in MonopoleSFF
 Involved masses:    6461.8810268758980        2.0419326628229726E-014   2.0419326628229726E-014
 Numerical problem in MonopoleSFF
 Involved masses:    6461.8810268758980        2.0419326628229726E-014   2.3864843281949639E-014
 Numerical problem in MonopoleSFF
 Involved masses:    6461.8810268758980        2.0419326628229726E-014   2.3864843281949639E-014
 Numerical problem in MonopoleSFF
 Involved masses:    6461.8810268758980        2.3864843281949639E-014   2.0410903992250552E-014
 Numerical problem in MonopoleSFF
 Involved masses:    6461.8810268758980        2.3864843281949639E-014   2.0410903992250552E-014
 Numerical problem in MonopoleSFF
 Involved masses:    6461.8810268758980        2.3864843281949639E-014   2.0419326628229726E-014
 Numerical problem in MonopoleSFF
 Involved masses:    6461.8810268758980        2.3864843281949639E-014   2.0419326628229726E-014
 Numerical problem in MonopoleSFF
 Involved masses:    6461.8810268758980        2.3864843281949639E-014   2.3864843281949639E-014
 Numerical problem in MonopoleSFF
 Involved masses:    6461.8810268758980        2.3864843281949639E-014   2.3864843281949639E-014
 Numerical problem in MonopoleSFF
 Involved masses:    10900219.025398038        2.0410903992250552E-014   2.0410903992250552E-014
 Numerical problem in MonopoleSFF
 Involved masses:    10900219.025398038        2.0410903992250552E-014   2.0410903992250552E-014
 Numerical problem in MonopoleSFF
 Involved masses:    10900219.025398038        2.0410903992250552E-014   2.0419326628229726E-014
 Numerical problem in MonopoleSFF
 Involved masses:    10900219.025398038        2.0410903992250552E-014   2.0419326628229726E-014
 Numerical problem in MonopoleSFF
 Involved masses:    10900219.025398038        2.0410903992250552E-014   2.3864843281949639E-014
 Numerical problem in MonopoleSFF
 Involved masses:    10900219.025398038        2.0410903992250552E-014   2.3864843281949639E-014
 Numerical problem in MonopoleSFF
 Involved masses:    10900219.025398038        2.0419326628229726E-014   2.0410903992250552E-014
 Numerical problem in MonopoleSFF
 Involved masses:    10900219.025398038        2.0419326628229726E-014   2.0410903992250552E-014
 Numerical problem in MonopoleSFF
 Involved masses:    10900219.025398038        2.0419326628229726E-014   2.0419326628229726E-014
 Numerical problem in MonopoleSFF
 Involved masses:    10900219.025398038        2.0419326628229726E-014   2.0419326628229726E-014
 Numerical problem in MonopoleSFF
 Involved masses:    10900219.025398038        2.0419326628229726E-014   2.3864843281949639E-014
 Numerical problem in MonopoleSFF
 Involved masses:    10900219.025398038        2.0419326628229726E-014   2.3864843281949639E-014
 Numerical problem in MonopoleSFF
 Involved masses:    10900219.025398038        2.3864843281949639E-014   2.0410903992250552E-014
 Numerical problem in MonopoleSFF
 Involved masses:    10900219.025398038        2.3864843281949639E-014   2.0410903992250552E-014
 Numerical problem in MonopoleSFF
 Involved masses:    10900219.025398038        2.3864843281949639E-014   2.0419326628229726E-014
 Numerical problem in MonopoleSFF
 Involved masses:    10900219.025398038        2.3864843281949639E-014   2.0419326628229726E-014
 Numerical problem in MonopoleSFF
 Involved masses:    10900219.025398038        2.3864843281949639E-014   2.3864843281949639E-014
 Numerical problem in MonopoleSFF
 Involved masses:    10900219.025398038        2.3864843281949639E-014   2.3864843281949639E-014
 Numerical problem in MonopoleVFF
 Involved masses:    6461.8810268758980        2.0410903992250552E-014   2.0410903992250552E-014
 Numerical problem in MonopoleVFF
 Involved masses:    6461.8810268758980        2.0410903992250552E-014   2.0410903992250552E-014
 Numerical problem in MonopoleVFF
 Involved masses:    6461.8810268758980        2.0410903992250552E-014   2.0419326628229726E-014
 Numerical problem in MonopoleVFF
 Involved masses:    6461.8810268758980        2.0410903992250552E-014   2.0419326628229726E-014
 Numerical problem in MonopoleVFF
 Involved masses:    6461.8810268758980        2.0410903992250552E-014   2.3864843281949639E-014
 Numerical problem in MonopoleVFF
 Involved masses:    6461.8810268758980        2.0410903992250552E-014   2.3864843281949639E-014
 Numerical problem in MonopoleVFF
 Involved masses:    6461.8810268758980        2.0419326628229726E-014   2.0410903992250552E-014
 Numerical problem in MonopoleVFF
 Involved masses:    6461.8810268758980        2.0419326628229726E-014   2.0410903992250552E-014
 Numerical problem in MonopoleVFF
 Involved masses:    6461.8810268758980        2.0419326628229726E-014   2.0419326628229726E-014
 Numerical problem in MonopoleVFF
 Involved masses:    6461.8810268758980        2.0419326628229726E-014   2.0419326628229726E-014
 Numerical problem in MonopoleVFF
 Involved masses:    6461.8810268758980        2.0419326628229726E-014   2.3864843281949639E-014
 Numerical problem in MonopoleVFF
 Involved masses:    6461.8810268758980        2.0419326628229726E-014   2.3864843281949639E-014
 Numerical problem in MonopoleVFF
 Involved masses:    6461.8810268758980        2.3864843281949639E-014   2.0410903992250552E-014
 Numerical problem in MonopoleVFF
 Involved masses:    6461.8810268758980        2.3864843281949639E-014   2.0410903992250552E-014
 Numerical problem in MonopoleVFF
 Involved masses:    6461.8810268758980        2.3864843281949639E-014   2.0419326628229726E-014
 Numerical problem in MonopoleVFF
 Involved masses:    6461.8810268758980        2.3864843281949639E-014   2.0419326628229726E-014
 Numerical problem in MonopoleVFF
 Involved masses:    6461.8810268758980        2.3864843281949639E-014   2.3864843281949639E-014
 Numerical problem in MonopoleVFF
 Involved masses:    6461.8810268758980        2.3864843281949639E-014   2.3864843281949639E-014
 Numerical problem in MonopoleSFF
 Involved masses:    6461.8810268758980        2.0410903992250552E-014   2.0410903992250552E-014
 Numerical problem in MonopoleSFF
 Involved masses:    6461.8810268758980        2.0410903992250552E-014   2.0410903992250552E-014
 Numerical problem in MonopoleSFF
 Involved masses:    6461.8810268758980        2.0410903992250552E-014   2.0419326628229726E-014
 Numerical problem in MonopoleSFF
 Involved masses:    6461.8810268758980        2.0410903992250552E-014   2.0419326628229726E-014
 Numerical problem in MonopoleSFF
 Involved masses:    6461.8810268758980        2.0410903992250552E-014   2.3864843281949639E-014
 Numerical problem in MonopoleSFF
 Involved masses:    6461.8810268758980        2.0410903992250552E-014   2.3864843281949639E-014
 Numerical problem in MonopoleSFF
 Involved masses:    6461.8810268758980        2.0419326628229726E-014   2.0410903992250552E-014
 Numerical problem in MonopoleSFF
 Involved masses:    6461.8810268758980        2.0419326628229726E-014   2.0410903992250552E-014
 Numerical problem in MonopoleSFF
 Involved masses:    6461.8810268758980        2.0419326628229726E-014   2.0419326628229726E-014
 Numerical problem in MonopoleSFF
 Involved masses:    6461.8810268758980        2.0419326628229726E-014   2.0419326628229726E-014
 Numerical problem in MonopoleSFF
 Involved masses:    6461.8810268758980        2.0419326628229726E-014   2.3864843281949639E-014
 Numerical problem in MonopoleSFF
 Involved masses:    6461.8810268758980        2.0419326628229726E-014   2.3864843281949639E-014
 Numerical problem in MonopoleSFF
 Involved masses:    6461.8810268758980        2.3864843281949639E-014   2.0410903992250552E-014
 Numerical problem in MonopoleSFF
 Involved masses:    6461.8810268758980        2.3864843281949639E-014   2.0410903992250552E-014
 Numerical problem in MonopoleSFF
 Involved masses:    6461.8810268758980        2.3864843281949639E-014   2.0419326628229726E-014
 Numerical problem in MonopoleSFF
 Involved masses:    6461.8810268758980        2.3864843281949639E-014   2.0419326628229726E-014
 Numerical problem in MonopoleSFF
 Involved masses:    6461.8810268758980        2.3864843281949639E-014   2.3864843281949639E-014
 Numerical problem in MonopoleSFF
 Involved masses:    6461.8810268758980        2.3864843281949639E-014   2.3864843281949639E-014
 Numerical problem in MonopoleSFF
 Involved masses:    10900219.025398038        2.0410903992250552E-014   2.0410903992250552E-014
 Numerical problem in MonopoleSFF
 Involved masses:    10900219.025398038        2.0410903992250552E-014   2.0410903992250552E-014
 Numerical problem in MonopoleSFF
 Involved masses:    10900219.025398038        2.0410903992250552E-014   2.0419326628229726E-014
 Numerical problem in MonopoleSFF
 Involved masses:    10900219.025398038        2.0410903992250552E-014   2.0419326628229726E-014
 Numerical problem in MonopoleSFF
 Involved masses:    10900219.025398038        2.0410903992250552E-014   2.3864843281949639E-014
 Numerical problem in MonopoleSFF
 Involved masses:    10900219.025398038        2.0410903992250552E-014   2.3864843281949639E-014
 Numerical problem in MonopoleSFF
 Involved masses:    10900219.025398038        2.0419326628229726E-014   2.0410903992250552E-014
 Numerical problem in MonopoleSFF
 Involved masses:    10900219.025398038        2.0419326628229726E-014   2.0410903992250552E-014
 Numerical problem in MonopoleSFF
 Involved masses:    10900219.025398038        2.0419326628229726E-014   2.0419326628229726E-014
 Numerical problem in MonopoleSFF
 Involved masses:    10900219.025398038        2.0419326628229726E-014   2.0419326628229726E-014
 Numerical problem in MonopoleSFF
 Involved masses:    10900219.025398038        2.0419326628229726E-014   2.3864843281949639E-014
 Numerical problem in MonopoleSFF
 Involved masses:    10900219.025398038        2.0419326628229726E-014   2.3864843281949639E-014
 Numerical problem in MonopoleSFF
 Involved masses:    10900219.025398038        2.3864843281949639E-014   2.0410903992250552E-014
 Numerical problem in MonopoleSFF
 Involved masses:    10900219.025398038        2.3864843281949639E-014   2.0410903992250552E-014
 Numerical problem in MonopoleSFF
 Involved masses:    10900219.025398038        2.3864843281949639E-014   2.0419326628229726E-014
 Numerical problem in MonopoleSFF
 Involved masses:    10900219.025398038        2.3864843281949639E-014   2.0419326628229726E-014
 Numerical problem in MonopoleSFF
 Involved masses:    10900219.025398038        2.3864843281949639E-014   2.3864843281949639E-014
 Numerical problem in MonopoleSFF
 Involved masses:    10900219.025398038        2.3864843281949639E-014   2.3864843281949639E-014
 Numerical problem in MonopoleVFF
 Involved masses:    6461.8810268758980        2.0410903992250552E-014   2.0410903992250552E-014
 Numerical problem in MonopoleVFF
 Involved masses:    6461.8810268758980        2.0410903992250552E-014   2.0410903992250552E-014
 Numerical problem in MonopoleVFF
 Involved masses:    6461.8810268758980        2.0410903992250552E-014   2.0419326628229726E-014
 Numerical problem in MonopoleVFF
 Involved masses:    6461.8810268758980        2.0410903992250552E-014   2.0419326628229726E-014
 Numerical problem in MonopoleVFF
 Involved masses:    6461.8810268758980        2.0410903992250552E-014   2.3864843281949639E-014
 Numerical problem in MonopoleVFF
 Involved masses:    6461.8810268758980        2.0410903992250552E-014   2.3864843281949639E-014
 Numerical problem in MonopoleVFF
 Involved masses:    6461.8810268758980        2.0419326628229726E-014   2.0410903992250552E-014
 Numerical problem in MonopoleVFF
 Involved masses:    6461.8810268758980        2.0419326628229726E-014   2.0410903992250552E-014
 Numerical problem in MonopoleVFF
 Involved masses:    6461.8810268758980        2.0419326628229726E-014   2.0419326628229726E-014
 Numerical problem in MonopoleVFF
 Involved masses:    6461.8810268758980        2.0419326628229726E-014   2.0419326628229726E-014
 Numerical problem in MonopoleVFF
 Involved masses:    6461.8810268758980        2.0419326628229726E-014   2.3864843281949639E-014
 Numerical problem in MonopoleVFF
 Involved masses:    6461.8810268758980        2.0419326628229726E-014   2.3864843281949639E-014
 Numerical problem in MonopoleVFF
 Involved masses:    6461.8810268758980        2.3864843281949639E-014   2.0410903992250552E-014
 Numerical problem in MonopoleVFF
 Involved masses:    6461.8810268758980        2.3864843281949639E-014   2.0410903992250552E-014
 Numerical problem in MonopoleVFF
 Involved masses:    6461.8810268758980        2.3864843281949639E-014   2.0419326628229726E-014
 Numerical problem in MonopoleVFF
 Involved masses:    6461.8810268758980        2.3864843281949639E-014   2.0419326628229726E-014
 Numerical problem in MonopoleVFF
 Involved masses:    6461.8810268758980        2.3864843281949639E-014   2.3864843281949639E-014
 Numerical problem in MonopoleVFF
 Involved masses:    6461.8810268758980        2.3864843281949639E-014   2.3864843281949639E-014
 Numerical problem in MonopoleSFF
 Involved masses:    6461.8810268758980        2.0410903992250552E-014   2.0410903992250552E-014
 Numerical problem in MonopoleSFF
 Involved masses:    6461.8810268758980        2.0410903992250552E-014   2.0410903992250552E-014
 Numerical problem in MonopoleSFF
 Involved masses:    6461.8810268758980        2.0410903992250552E-014   2.0419326628229726E-014
 Numerical problem in MonopoleSFF
 Involved masses:    6461.8810268758980        2.0410903992250552E-014   2.0419326628229726E-014
 Numerical problem in MonopoleSFF
 Involved masses:    6461.8810268758980        2.0410903992250552E-014   2.3864843281949639E-014
 Numerical problem in MonopoleSFF
 Involved masses:    6461.8810268758980        2.0410903992250552E-014   2.3864843281949639E-014
 Numerical problem in MonopoleSFF
 Involved masses:    6461.8810268758980        2.0419326628229726E-014   2.0410903992250552E-014
 Numerical problem in MonopoleSFF
 Involved masses:    6461.8810268758980        2.0419326628229726E-014   2.0410903992250552E-014
 Numerical problem in MonopoleSFF
 Involved masses:    6461.8810268758980        2.0419326628229726E-014   2.0419326628229726E-014
 Numerical problem in MonopoleSFF
 Involved masses:    6461.8810268758980        2.0419326628229726E-014   2.0419326628229726E-014
 Numerical problem in MonopoleSFF
 Involved masses:    6461.8810268758980        2.0419326628229726E-014   2.3864843281949639E-014
 Numerical problem in MonopoleSFF
 Involved masses:    6461.8810268758980        2.0419326628229726E-014   2.3864843281949639E-014
 Numerical problem in MonopoleSFF
 Involved masses:    6461.8810268758980        2.3864843281949639E-014   2.0410903992250552E-014
 Numerical problem in MonopoleSFF
 Involved masses:    6461.8810268758980        2.3864843281949639E-014   2.0410903992250552E-014
 Numerical problem in MonopoleSFF
 Involved masses:    6461.8810268758980        2.3864843281949639E-014   2.0419326628229726E-014
 Numerical problem in MonopoleSFF
 Involved masses:    6461.8810268758980        2.3864843281949639E-014   2.0419326628229726E-014
 Numerical problem in MonopoleSFF
 Involved masses:    6461.8810268758980        2.3864843281949639E-014   2.3864843281949639E-014
 Numerical problem in MonopoleSFF
 Involved masses:    6461.8810268758980        2.3864843281949639E-014   2.3864843281949639E-014
 Numerical problem in MonopoleSFF
 Involved masses:    10900219.025398038        2.0410903992250552E-014   2.0410903992250552E-014
 Numerical problem in MonopoleSFF
 Involved masses:    10900219.025398038        2.0410903992250552E-014   2.0410903992250552E-014
 Numerical problem in MonopoleSFF
 Involved masses:    10900219.025398038        2.0410903992250552E-014   2.0419326628229726E-014
 Numerical problem in MonopoleSFF
 Involved masses:    10900219.025398038        2.0410903992250552E-014   2.0419326628229726E-014
 Numerical problem in MonopoleSFF
 Involved masses:    10900219.025398038        2.0410903992250552E-014   2.3864843281949639E-014
 Numerical problem in MonopoleSFF
 Involved masses:    10900219.025398038        2.0410903992250552E-014   2.3864843281949639E-014
 Numerical problem in MonopoleSFF
 Involved masses:    10900219.025398038        2.0419326628229726E-014   2.0410903992250552E-014
 Numerical problem in MonopoleSFF
 Involved masses:    10900219.025398038        2.0419326628229726E-014   2.0410903992250552E-014
 Numerical problem in MonopoleSFF
 Involved masses:    10900219.025398038        2.0419326628229726E-014   2.0419326628229726E-014
 Numerical problem in MonopoleSFF
 Involved masses:    10900219.025398038        2.0419326628229726E-014   2.0419326628229726E-014
 Numerical problem in MonopoleSFF
 Involved masses:    10900219.025398038        2.0419326628229726E-014   2.3864843281949639E-014
 Numerical problem in MonopoleSFF
 Involved masses:    10900219.025398038        2.0419326628229726E-014   2.3864843281949639E-014
 Numerical problem in MonopoleSFF
 Involved masses:    10900219.025398038        2.3864843281949639E-014   2.0410903992250552E-014
 Numerical problem in MonopoleSFF
 Involved masses:    10900219.025398038        2.3864843281949639E-014   2.0410903992250552E-014
 Numerical problem in MonopoleSFF
 Involved masses:    10900219.025398038        2.3864843281949639E-014   2.0419326628229726E-014
 Numerical problem in MonopoleSFF
 Involved masses:    10900219.025398038        2.3864843281949639E-014   2.0419326628229726E-014
 Numerical problem in MonopoleSFF
 Involved masses:    10900219.025398038        2.3864843281949639E-014   2.3864843281949639E-014
 Numerical problem in MonopoleSFF
 Involved masses:    10900219.025398038        2.3864843281949639E-014   2.3864843281949639E-014
 Numerical problem in MonopoleVFF
 Involved masses:    6461.8810268758980        2.0410903992250552E-014   2.0410903992250552E-014
 Numerical problem in MonopoleVFF
 Involved masses:    6461.8810268758980        2.0410903992250552E-014   2.0410903992250552E-014
 Numerical problem in MonopoleVFF
 Involved masses:    6461.8810268758980        2.0410903992250552E-014   2.0419326628229726E-014
 Numerical problem in MonopoleVFF
 Involved masses:    6461.8810268758980        2.0410903992250552E-014   2.0419326628229726E-014
 Numerical problem in MonopoleVFF
 Involved masses:    6461.8810268758980        2.0410903992250552E-014   2.3864843281949639E-014
 Numerical problem in MonopoleVFF
 Involved masses:    6461.8810268758980        2.0410903992250552E-014   2.3864843281949639E-014
 Numerical problem in MonopoleVFF
 Involved masses:    6461.8810268758980        2.0419326628229726E-014   2.0410903992250552E-014
 Numerical problem in MonopoleVFF
 Involved masses:    6461.8810268758980        2.0419326628229726E-014   2.0410903992250552E-014
 Numerical problem in MonopoleVFF
