 RGE Running            1 .-iteration
 RGE Running            2 .-iteration
 RGE Running            3 .-iteration
 RGE Running            4 .-iteration
 RGE Running            5 .-iteration
 IIp called with small input:    4.3386122014268749E-006   22985013.628466383        18782397.900470383        15380248.099871399     
 IIp called with small input:    4.3386122014268749E-006   22985013.628466383        18781896.935430206        15380248.099871399     
 IIp called with small input:    4.3386122014268749E-006   22985013.628466383        17014852.166152373        15380248.099871399     
 IIp called with small input:    1.2189441990887371E-006   22985013.628466383        18782397.875023052        15380248.099871399     
 IIp called with small input:    1.2189441990887371E-006   22985013.628466383        17118720.282548018        15380248.099871399     
 MM somehow called with small inputs:    18782397.900470383        4.3386122014268749E-006   17014852.166152373        4.3386122014268749E-006   22985013.628466383        15380248.099871399     
 MM somehow called with small inputs:    18782397.900470383        4.3386122014268749E-006   17014852.166152373        4.3386122014268749E-006   22985013.628466383        15380248.099871399     
 MM somehow called with small inputs:    18781896.935430206        4.3386122014268749E-006   16281218.905046741        4.3386122014268749E-006   22985013.628466383        15380248.099871399     
 IIp called with small input:    4.3386122014268749E-006   16281218.905046741        22985013.628466383        15380248.099871399     
 MM somehow called with small inputs:    18781896.935430206        4.3386122014268749E-006   17014852.166152373        4.3386122014268749E-006   22985013.628466383        15380248.099871399     
 MM somehow called with small inputs:    18781896.935430206        4.3386122014268749E-006   17014852.166152373        4.3386122014268749E-006   22985013.628466383        15380248.099871399     
 MM somehow called with small inputs:    18781896.935430206        4.3386122014268749E-006   16549302.091217065        4.3386122014268749E-006   22985013.628466383        15380248.099871399     
 IIp called with small input:    4.3386122014268749E-006   16549302.091217065        22985013.628466383        15380248.099871399     
 MM somehow called with small inputs:    16281218.905046741        4.3386122014268749E-006   18781896.935430206        4.3386122014268749E-006   22985013.628466383        15380248.099871399     
 IIp called with small input:    4.3386122014268749E-006   18781896.935430206        22985013.628466383        15380248.099871399     
 MM somehow called with small inputs:    16281218.905046741        4.3386122014268749E-006   16281218.905046741        4.3386122014268749E-006   22985013.628466383        15380248.099871399     
 IIp called with small input:    4.3386122014268749E-006   16281218.905046741        22985013.628466383        15380248.099871399     
 MM somehow called with small inputs:    16281218.905046741        4.3386122014268749E-006   16549302.091217065        4.3386122014268749E-006   22985013.628466383        15380248.099871399     
 IIp called with small input:    4.3386122014268749E-006   16549302.091217065        22985013.628466383        15380248.099871399     
 MM somehow called with small inputs:    17014852.166152373        4.3386122014268749E-006   18782397.900470383        4.3386122014268749E-006   22985013.628466383        15380248.099871399     
 MM somehow called with small inputs:    17014852.166152373        4.3386122014268749E-006   18782397.900470383        4.3386122014268749E-006   22985013.628466383        15380248.099871399     
 MM somehow called with small inputs:    17014852.166152373        4.3386122014268749E-006   18781896.935430206        4.3386122014268749E-006   22985013.628466383        15380248.099871399     
 MM somehow called with small inputs:    17014852.166152373        4.3386122014268749E-006   18781896.935430206        4.3386122014268749E-006   22985013.628466383        15380248.099871399     
 MM somehow called with small inputs:    16549302.091217065        4.3386122014268749E-006   18781896.935430206        4.3386122014268749E-006   22985013.628466383        15380248.099871399     
 IIp called with small input:    4.3386122014268749E-006   18781896.935430206        22985013.628466383        15380248.099871399     
 MM somehow called with small inputs:    16549302.091217065        4.3386122014268749E-006   16281218.905046741        4.3386122014268749E-006   22985013.628466383        15380248.099871399     
 IIp called with small input:    4.3386122014268749E-006   16281218.905046741        22985013.628466383        15380248.099871399     
 MM somehow called with small inputs:    18782397.900470383        4.3386122014268749E-006   17014852.166152373        4.3386122014268749E-006   22985013.628466383        15380248.099871399     
 MM somehow called with small inputs:    18782397.900470383        4.3386122014268749E-006   17014852.166152373        4.3386122014268749E-006   22985013.628466383        15380248.099871399     
 MM somehow called with small inputs:    18781896.935430206        4.3386122014268749E-006   16281218.905046741        4.3386122014268749E-006   22985013.628466383        15380248.099871399     
 IIp called with small input:    4.3386122014268749E-006   16281218.905046741        22985013.628466383        15380248.099871399     
 MM somehow called with small inputs:    18781896.935430206        4.3386122014268749E-006   17014852.166152373        4.3386122014268749E-006   22985013.628466383        15380248.099871399     
 MM somehow called with small inputs:    18781896.935430206        4.3386122014268749E-006   17014852.166152373        4.3386122014268749E-006   22985013.628466383        15380248.099871399     
 MM somehow called with small inputs:    18781896.935430206        4.3386122014268749E-006   16549302.091217065        4.3386122014268749E-006   22985013.628466383        15380248.099871399     
 IIp called with small input:    4.3386122014268749E-006   16549302.091217065        22985013.628466383        15380248.099871399     
 MM somehow called with small inputs:    16281218.905046741        4.3386122014268749E-006   18781896.935430206        4.3386122014268749E-006   22985013.628466383        15380248.099871399     
 IIp called with small input:    4.3386122014268749E-006   18781896.935430206        22985013.628466383        15380248.099871399     
 MM somehow called with small inputs:    16281218.905046741        4.3386122014268749E-006   16549302.091217065        4.3386122014268749E-006   22985013.628466383        15380248.099871399     
 IIp called with small input:    4.3386122014268749E-006   16549302.091217065        22985013.628466383        15380248.099871399     
 MM somehow called with small inputs:    17014852.166152373        4.3386122014268749E-006   18782397.900470383        4.3386122014268749E-006   22985013.628466383        15380248.099871399     
 MM somehow called with small inputs:    17014852.166152373        4.3386122014268749E-006   18782397.900470383        4.3386122014268749E-006   22985013.628466383        15380248.099871399     
 MM somehow called with small inputs:    17014852.166152373        4.3386122014268749E-006   18781896.935430206        4.3386122014268749E-006   22985013.628466383        15380248.099871399     
 MM somehow called with small inputs:    17014852.166152373        4.3386122014268749E-006   18781896.935430206        4.3386122014268749E-006   22985013.628466383        15380248.099871399     
 MM somehow called with small inputs:    16549302.091217065        4.3386122014268749E-006   18781896.935430206        4.3386122014268749E-006   22985013.628466383        15380248.099871399     
 IIp called with small input:    4.3386122014268749E-006   18781896.935430206        22985013.628466383        15380248.099871399     
 MM somehow called with small inputs:    16549302.091217065        4.3386122014268749E-006   16281218.905046741        4.3386122014268749E-006   22985013.628466383        15380248.099871399     
 IIp called with small input:    4.3386122014268749E-006   16281218.905046741        22985013.628466383        15380248.099871399     
 Possible numerical problem in OneLoopMFv                              
 Higgs mass outside range of cross section fit (gluon fusion):            3
 Higgs mass outside range of cross section fit (vector boson fusion):            3
 Higgs mass outside range of cross section fit (associated W production):            3
 Higgs mass outside range of cross section fit (associated Z production):            3
 Higgs mass outside range of cross section fit (associated top production):            3
 Higgs mass outside range of cross section fit (gluon fusion):            4
 Higgs mass outside range of cross section fit (vector boson fusion):            4
 Higgs mass outside range of cross section fit (associated W production):            4
 Higgs mass outside range of cross section fit (associated Z production):            4
 Higgs mass outside range of cross section fit (associated top production):            4
 Higgs mass outside range of cross section fit (gluon fusion):            2
 Higgs mass outside range of cross section fit (vector boson fusion):            2
 Higgs mass outside range of cross section fit (associated W production):            2
 Higgs mass outside range of cross section fit (associated Z production):            2
 Higgs mass outside range of cross section fit (associated top production):            2
 Higgs mass outside range of cross section fit (gluon fusion):            3
 Higgs mass outside range of cross section fit (vector boson fusion):            3
 Higgs mass outside range of cross section fit (associated W production):            3
 Higgs mass outside range of cross section fit (associated Z production):            3
 Higgs mass outside range of cross section fit (associated top production):            3
 Higgs mass outside range of cross section fit (gluon fusion):            4
 Higgs mass outside range of cross section fit (vector boson fusion):            4
 Higgs mass outside range of cross section fit (associated W production):            4
 Higgs mass outside range of cross section fit (associated Z production):            4
 Higgs mass outside range of cross section fit (associated top production):            4
 Numerical problem in MonopoleSFF
 Involved masses:    6461.8810268758980        2.1385479014950095E-014   2.1385479014950095E-014
 Numerical problem in MonopoleSFF
 Involved masses:    6461.8810268758980        2.1385479014950095E-014   2.1385479014950095E-014
 Numerical problem in MonopoleSFF
 Involved masses:    6461.8810268758980        2.1385479014950095E-014   2.1499778533376426E-014
 Numerical problem in MonopoleSFF
 Involved masses:    6461.8810268758980        2.1385479014950095E-014   2.1499778533376426E-014
 Numerical problem in MonopoleSFF
 Involved masses:    6461.8810268758980        2.1385479014950095E-014   2.5128047570129104E-014
 Numerical problem in MonopoleSFF
 Involved masses:    6461.8810268758980        2.1385479014950095E-014   2.5128047570129104E-014
 Numerical problem in MonopoleSFF
 Involved masses:    6461.8810268758980        2.1499778533376426E-014   2.1385479014950095E-014
 Numerical problem in MonopoleSFF
 Involved masses:    6461.8810268758980        2.1499778533376426E-014   2.1385479014950095E-014
 Numerical problem in MonopoleSFF
 Involved masses:    6461.8810268758980        2.1499778533376426E-014   2.1499778533376426E-014
 Numerical problem in MonopoleSFF
 Involved masses:    6461.8810268758980        2.1499778533376426E-014   2.1499778533376426E-014
 Numerical problem in MonopoleSFF
 Involved masses:    6461.8810268758980        2.1499778533376426E-014   2.5128047570129104E-014
 Numerical problem in MonopoleSFF
 Involved masses:    6461.8810268758980        2.1499778533376426E-014   2.5128047570129104E-014
 Numerical problem in MonopoleSFF
 Involved masses:    6461.8810268758980        2.5128047570129104E-014   2.1385479014950095E-014
 Numerical problem in MonopoleSFF
 Involved masses:    6461.8810268758980        2.5128047570129104E-014   2.1385479014950095E-014
 Numerical problem in MonopoleSFF
 Involved masses:    6461.8810268758980        2.5128047570129104E-014   2.1499778533376426E-014
 Numerical problem in MonopoleSFF
 Involved masses:    6461.8810268758980        2.5128047570129104E-014   2.1499778533376426E-014
 Numerical problem in MonopoleSFF
 Involved masses:    6461.8810268758980        2.5128047570129104E-014   2.5128047570129104E-014
 Numerical problem in MonopoleSFF
 Involved masses:    6461.8810268758980        2.5128047570129104E-014   2.5128047570129104E-014
 Numerical problem in MonopoleSFF
 Involved masses:    9240587.7437832728        2.1385479014950095E-014   2.1385479014950095E-014
 Numerical problem in MonopoleSFF
 Involved masses:    9240587.7437832728        2.1385479014950095E-014   2.1385479014950095E-014
 Numerical problem in MonopoleSFF
 Involved masses:    9240587.7437832728        2.1385479014950095E-014   2.1499778533376426E-014
 Numerical problem in MonopoleSFF
 Involved masses:    9240587.7437832728        2.1385479014950095E-014   2.1499778533376426E-014
 Numerical problem in MonopoleSFF
 Involved masses:    9240587.7437832728        2.1385479014950095E-014   2.5128047570129104E-014
 Numerical problem in MonopoleSFF
 Involved masses:    9240587.7437832728        2.1385479014950095E-014   2.5128047570129104E-014
 Numerical problem in MonopoleSFF
 Involved masses:    9240587.7437832728        2.1499778533376426E-014   2.1385479014950095E-014
 Numerical problem in MonopoleSFF
 Involved masses:    9240587.7437832728        2.1499778533376426E-014   2.1385479014950095E-014
 Numerical problem in MonopoleSFF
 Involved masses:    9240587.7437832728        2.1499778533376426E-014   2.1499778533376426E-014
 Numerical problem in MonopoleSFF
 Involved masses:    9240587.7437832728        2.1499778533376426E-014   2.1499778533376426E-014
 Numerical problem in MonopoleSFF
 Involved masses:    9240587.7437832728        2.1499778533376426E-014   2.5128047570129104E-014
 Numerical problem in MonopoleSFF
 Involved masses:    9240587.7437832728        2.1499778533376426E-014   2.5128047570129104E-014
 Numerical problem in MonopoleSFF
 Involved masses:    9240587.7437832728        2.5128047570129104E-014   2.1385479014950095E-014
 Numerical problem in MonopoleSFF
 Involved masses:    9240587.7437832728        2.5128047570129104E-014   2.1385479014950095E-014
 Numerical problem in MonopoleSFF
 Involved masses:    9240587.7437832728        2.5128047570129104E-014   2.1499778533376426E-014
 Numerical problem in MonopoleSFF
 Involved masses:    9240587.7437832728        2.5128047570129104E-014   2.1499778533376426E-014
 Numerical problem in MonopoleSFF
 Involved masses:    9240587.7437832728        2.5128047570129104E-014   2.5128047570129104E-014
 Numerical problem in MonopoleSFF
 Involved masses:    9240587.7437832728        2.5128047570129104E-014   2.5128047570129104E-014
 Numerical problem in MonopoleVFF
 Involved masses:    6461.8810268758980        2.1385479014950095E-014   2.1385479014950095E-014
 Numerical problem in MonopoleVFF
 Involved masses:    6461.8810268758980        2.1385479014950095E-014   2.1385479014950095E-014
 Numerical problem in MonopoleVFF
 Involved masses:    6461.8810268758980        2.1385479014950095E-014   2.1499778533376426E-014
 Numerical problem in MonopoleVFF
 Involved masses:    6461.8810268758980        2.1385479014950095E-014   2.1499778533376426E-014
 Numerical problem in MonopoleVFF
 Involved masses:    6461.8810268758980        2.1385479014950095E-014   2.5128047570129104E-014
 Numerical problem in MonopoleVFF
 Involved masses:    6461.8810268758980        2.1385479014950095E-014   2.5128047570129104E-014
 Numerical problem in MonopoleVFF
 Involved masses:    6461.8810268758980        2.1499778533376426E-014   2.1385479014950095E-014
 Numerical problem in MonopoleVFF
 Involved masses:    6461.8810268758980        2.1499778533376426E-014   2.1385479014950095E-014
 Numerical problem in MonopoleVFF
 Involved masses:    6461.8810268758980        2.1499778533376426E-014   2.1499778533376426E-014
 Numerical problem in MonopoleVFF
 Involved masses:    6461.8810268758980        2.1499778533376426E-014   2.1499778533376426E-014
 Numerical problem in MonopoleVFF
 Involved masses:    6461.8810268758980        2.1499778533376426E-014   2.5128047570129104E-014
 Numerical problem in MonopoleVFF
 Involved masses:    6461.8810268758980        2.1499778533376426E-014   2.5128047570129104E-014
 Numerical problem in MonopoleVFF
 Involved masses:    6461.8810268758980        2.5128047570129104E-014   2.1385479014950095E-014
 Numerical problem in MonopoleVFF
 Involved masses:    6461.8810268758980        2.5128047570129104E-014   2.1385479014950095E-014
 Numerical problem in MonopoleVFF
 Involved masses:    6461.8810268758980        2.5128047570129104E-014   2.1499778533376426E-014
 Numerical problem in MonopoleVFF
 Involved masses:    6461.8810268758980        2.5128047570129104E-014   2.1499778533376426E-014
 Numerical problem in MonopoleVFF
 Involved masses:    6461.8810268758980        2.5128047570129104E-014   2.5128047570129104E-014
 Numerical problem in MonopoleVFF
 Involved masses:    6461.8810268758980        2.5128047570129104E-014   2.5128047570129104E-014
 Numerical problem in MonopoleSFF
 Involved masses:    6461.8810268758980        2.1385479014950095E-014   2.1385479014950095E-014
 Numerical problem in MonopoleSFF
 Involved masses:    6461.8810268758980        2.1385479014950095E-014   2.1385479014950095E-014
 Numerical problem in MonopoleSFF
 Involved masses:    6461.8810268758980        2.1385479014950095E-014   2.1499778533376426E-014
 Numerical problem in MonopoleSFF
 Involved masses:    6461.8810268758980        2.1385479014950095E-014   2.1499778533376426E-014
 Numerical problem in MonopoleSFF
 Involved masses:    6461.8810268758980        2.1385479014950095E-014   2.5128047570129104E-014
 Numerical problem in MonopoleSFF
 Involved masses:    6461.8810268758980        2.1385479014950095E-014   2.5128047570129104E-014
 Numerical problem in MonopoleSFF
 Involved masses:    6461.8810268758980        2.1499778533376426E-014   2.1385479014950095E-014
 Numerical problem in MonopoleSFF
 Involved masses:    6461.8810268758980        2.1499778533376426E-014   2.1385479014950095E-014
 Numerical problem in MonopoleSFF
 Involved masses:    6461.8810268758980        2.1499778533376426E-014   2.1499778533376426E-014
 Numerical problem in MonopoleSFF
 Involved masses:    6461.8810268758980        2.1499778533376426E-014   2.1499778533376426E-014
 Numerical problem in MonopoleSFF
 Involved masses:    6461.8810268758980        2.1499778533376426E-014   2.5128047570129104E-014
 Numerical problem in MonopoleSFF
 Involved masses:    6461.8810268758980        2.1499778533376426E-014   2.5128047570129104E-014
 Numerical problem in MonopoleSFF
 Involved masses:    6461.8810268758980        2.5128047570129104E-014   2.1385479014950095E-014
 Numerical problem in MonopoleSFF
 Involved masses:    6461.8810268758980        2.5128047570129104E-014   2.1385479014950095E-014
 Numerical problem in MonopoleSFF
 Involved masses:    6461.8810268758980        2.5128047570129104E-014   2.1499778533376426E-014
 Numerical problem in MonopoleSFF
 Involved masses:    6461.8810268758980        2.5128047570129104E-014   2.1499778533376426E-014
 Numerical problem in MonopoleSFF
 Involved masses:    6461.8810268758980        2.5128047570129104E-014   2.5128047570129104E-014
 Numerical problem in MonopoleSFF
 Involved masses:    6461.8810268758980        2.5128047570129104E-014   2.5128047570129104E-014
 Numerical problem in MonopoleSFF
 Involved masses:    9240587.7437832728        2.1385479014950095E-014   2.1385479014950095E-014
 Numerical problem in MonopoleSFF
 Involved masses:    9240587.7437832728        2.1385479014950095E-014   2.1385479014950095E-014
 Numerical problem in MonopoleSFF
 Involved masses:    9240587.7437832728        2.1385479014950095E-014   2.1499778533376426E-014
 Numerical problem in MonopoleSFF
 Involved masses:    9240587.7437832728        2.1385479014950095E-014   2.1499778533376426E-014
 Numerical problem in MonopoleSFF
 Involved masses:    9240587.7437832728        2.1385479014950095E-014   2.5128047570129104E-014
 Numerical problem in MonopoleSFF
 Involved masses:    9240587.7437832728        2.1385479014950095E-014   2.5128047570129104E-014
 Numerical problem in MonopoleSFF
 Involved masses:    9240587.7437832728        2.1499778533376426E-014   2.1385479014950095E-014
 Numerical problem in MonopoleSFF
 Involved masses:    9240587.7437832728        2.1499778533376426E-014   2.1385479014950095E-014
 Numerical problem in MonopoleSFF
 Involved masses:    9240587.7437832728        2.1499778533376426E-014   2.1499778533376426E-014
 Numerical problem in MonopoleSFF
 Involved masses:    9240587.7437832728        2.1499778533376426E-014   2.1499778533376426E-014
 Numerical problem in MonopoleSFF
 Involved masses:    9240587.7437832728        2.1499778533376426E-014   2.5128047570129104E-014
 Numerical problem in MonopoleSFF
 Involved masses:    9240587.7437832728        2.1499778533376426E-014   2.5128047570129104E-014
 Numerical problem in MonopoleSFF
 Involved masses:    9240587.7437832728        2.5128047570129104E-014   2.1385479014950095E-014
 Numerical problem in MonopoleSFF
 Involved masses:    9240587.7437832728        2.5128047570129104E-014   2.1385479014950095E-014
 Numerical problem in MonopoleSFF
 Involved masses:    9240587.7437832728        2.5128047570129104E-014   2.1499778533376426E-014
 Numerical problem in MonopoleSFF
 Involved masses:    9240587.7437832728        2.5128047570129104E-014   2.1499778533376426E-014
 Numerical problem in MonopoleSFF
 Involved masses:    9240587.7437832728        2.5128047570129104E-014   2.5128047570129104E-014
 Numerical problem in MonopoleSFF
 Involved masses:    9240587.7437832728        2.5128047570129104E-014   2.5128047570129104E-014
 Numerical problem in MonopoleVFF
 Involved masses:    6461.8810268758980        2.1385479014950095E-014   2.1385479014950095E-014
 Numerical problem in MonopoleVFF
 Involved masses:    6461.8810268758980        2.1385479014950095E-014   2.1385479014950095E-014
 Numerical problem in MonopoleVFF
 Involved masses:    6461.8810268758980        2.1385479014950095E-014   2.1499778533376426E-014
 Numerical problem in MonopoleVFF
 Involved masses:    6461.8810268758980        2.1385479014950095E-014   2.1499778533376426E-014
 Numerical problem in MonopoleVFF
 Involved masses:    6461.8810268758980        2.1385479014950095E-014   2.5128047570129104E-014
 Numerical problem in MonopoleVFF
 Involved masses:    6461.8810268758980        2.1385479014950095E-014   2.5128047570129104E-014
 Numerical problem in MonopoleVFF
 Involved masses:    6461.8810268758980        2.1499778533376426E-014   2.1385479014950095E-014
 Numerical problem in MonopoleVFF
 Involved masses:    6461.8810268758980        2.1499778533376426E-014   2.1385479014950095E-014
 Numerical problem in MonopoleVFF
 Involved masses:    6461.8810268758980        2.1499778533376426E-014   2.1499778533376426E-014
 Numerical problem in MonopoleVFF
 Involved masses:    6461.8810268758980        2.1499778533376426E-014   2.1499778533376426E-014
 Numerical problem in MonopoleVFF
 Involved masses:    6461.8810268758980        2.1499778533376426E-014   2.5128047570129104E-014
 Numerical problem in MonopoleVFF
 Involved masses:    6461.8810268758980        2.1499778533376426E-014   2.5128047570129104E-014
 Numerical problem in MonopoleVFF
 Involved masses:    6461.8810268758980        2.5128047570129104E-014   2.1385479014950095E-014
 Numerical problem in MonopoleVFF
 Involved masses:    6461.8810268758980        2.5128047570129104E-014   2.1385479014950095E-014
 Numerical problem in MonopoleVFF
 Involved masses:    6461.8810268758980        2.5128047570129104E-014   2.1499778533376426E-014
 Numerical problem in MonopoleVFF
 Involved masses:    6461.8810268758980        2.5128047570129104E-014   2.1499778533376426E-014
 Numerical problem in MonopoleVFF
