 RGE Running            1 .-iteration
 RGE Running            2 .-iteration
 RGE Running            3 .-iteration
 RGE Running            4 .-iteration
 RGE Running            5 .-iteration
 IIp called with small input:    4.3287201125327344E-006   4624159.6809104588        4274085.0401307121        3371332.5151385870     
 IIp called with small input:    4.3287201125327344E-006   4624159.6809104588        4273805.7755726352        3371332.5151385870     
 IIp called with small input:    4.3287201125327344E-006   4624159.6809104588        3949432.1405682368        3371332.5151385870     
 IIp called with small input:    1.3272368238917119E-006   4624159.6809104588        4274084.9516987903        3371332.5151385870     
 IIp called with small input:    1.3272368238917119E-006   4624159.6809104588        3967226.1427838514        3371332.5151385870     
 MM somehow called with small inputs:    4274085.0401307121        4.3287201125327344E-006   3949432.1405682368        4.3287201125327344E-006   4624159.6809104588        3371332.5151385870     
 MM somehow called with small inputs:    4274085.0401307121        4.3287201125327344E-006   3949432.1405682368        4.3287201125327344E-006   4624159.6809104588        3371332.5151385870     
 MM somehow called with small inputs:    4273805.7755726352        4.3287201125327344E-006   3949432.1405682368        4.3287201125327344E-006   4624159.6809104588        3371332.5151385870     
 MM somehow called with small inputs:    4273805.7755726352        4.3287201125327344E-006   3949432.1405682368        4.3287201125327344E-006   4624159.6809104588        3371332.5151385870     
 MM somehow called with small inputs:    4273805.7755726352        4.3287201125327344E-006   3647235.4003435578        4.3287201125327344E-006   4624159.6809104588        3371332.5151385870     
 IIp called with small input:    4.3287201125327344E-006   3647235.4003435578        4624159.6809104588        3371332.5151385870     
 MM somehow called with small inputs:    3446417.3673175685        4.3287201125327344E-006   3446417.3673175685        4.3287201125327344E-006   4624159.6809104588        3371332.5151385870     
 IIp called with small input:    4.3287201125327344E-006   3446417.3673175685        4624159.6809104588        3371332.5151385870     
 MM somehow called with small inputs:    3446417.3673175685        4.3287201125327344E-006   3647235.4003435578        4.3287201125327344E-006   4624159.6809104588        3371332.5151385870     
 IIp called with small input:    4.3287201125327344E-006   3647235.4003435578        4624159.6809104588        3371332.5151385870     
 MM somehow called with small inputs:    3949432.1405682368        4.3287201125327344E-006   4274085.0401307121        4.3287201125327344E-006   4624159.6809104588        3371332.5151385870     
 MM somehow called with small inputs:    3949432.1405682368        4.3287201125327344E-006   4274085.0401307121        4.3287201125327344E-006   4624159.6809104588        3371332.5151385870     
 MM somehow called with small inputs:    3949432.1405682368        4.3287201125327344E-006   4273805.7755726352        4.3287201125327344E-006   4624159.6809104588        3371332.5151385870     
 MM somehow called with small inputs:    3949432.1405682368        4.3287201125327344E-006   4273805.7755726352        4.3287201125327344E-006   4624159.6809104588        3371332.5151385870     
 MM somehow called with small inputs:    3647235.4003435578        4.3287201125327344E-006   4273805.7755726352        4.3287201125327344E-006   4624159.6809104588        3371332.5151385870     
 IIp called with small input:    4.3287201125327344E-006   4273805.7755726352        4624159.6809104588        3371332.5151385870     
 MM somehow called with small inputs:    3647235.4003435578        4.3287201125327344E-006   3446417.3673175685        4.3287201125327344E-006   4624159.6809104588        3371332.5151385870     
 IIp called with small input:    4.3287201125327344E-006   3446417.3673175685        4624159.6809104588        3371332.5151385870     
 MM somehow called with small inputs:    2686162.3479050295        4.3287201125327344E-006   2686162.3479050295        4.3287201125327344E-006   995447.30471109424        3371332.5151385870     
 IIp called with small input:    4.3287201125327344E-006   2686162.3479050295        995447.30471109424        3371332.5151385870     
 MM somehow called with small inputs:    4274085.0401307121        4.3287201125327344E-006   3949432.1405682368        4.3287201125327344E-006   4624159.6809104588        3371332.5151385870     
 MM somehow called with small inputs:    4274085.0401307121        4.3287201125327344E-006   3949432.1405682368        4.3287201125327344E-006   4624159.6809104588        3371332.5151385870     
 MM somehow called with small inputs:    4273805.7755726352        4.3287201125327344E-006   3446417.3673175685        4.3287201125327344E-006   4624159.6809104588        3371332.5151385870     
 IIp called with small input:    4.3287201125327344E-006   3446417.3673175685        4624159.6809104588        3371332.5151385870     
 MM somehow called with small inputs:    4273805.7755726352        4.3287201125327344E-006   3949432.1405682368        4.3287201125327344E-006   4624159.6809104588        3371332.5151385870     
 MM somehow called with small inputs:    4273805.7755726352        4.3287201125327344E-006   3949432.1405682368        4.3287201125327344E-006   4624159.6809104588        3371332.5151385870     
 MM somehow called with small inputs:    4273805.7755726352        4.3287201125327344E-006   3647235.4003435578        4.3287201125327344E-006   4624159.6809104588        3371332.5151385870     
 IIp called with small input:    4.3287201125327344E-006   3647235.4003435578        4624159.6809104588        3371332.5151385870     
 MM somehow called with small inputs:    3446417.3673175685        4.3287201125327344E-006   4273805.7755726352        4.3287201125327344E-006   4624159.6809104588        3371332.5151385870     
 IIp called with small input:    4.3287201125327344E-006   4273805.7755726352        4624159.6809104588        3371332.5151385870     
 MM somehow called with small inputs:    3446417.3673175685        4.3287201125327344E-006   3647235.4003435578        4.3287201125327344E-006   4624159.6809104588        3371332.5151385870     
 IIp called with small input:    4.3287201125327344E-006   3647235.4003435578        4624159.6809104588        3371332.5151385870     
 MM somehow called with small inputs:    3949432.1405682368        4.3287201125327344E-006   4274085.0401307121        4.3287201125327344E-006   4624159.6809104588        3371332.5151385870     
 MM somehow called with small inputs:    3949432.1405682368        4.3287201125327344E-006   4274085.0401307121        4.3287201125327344E-006   4624159.6809104588        3371332.5151385870     
 MM somehow called with small inputs:    3949432.1405682368        4.3287201125327344E-006   4273805.7755726352        4.3287201125327344E-006   4624159.6809104588        3371332.5151385870     
 MM somehow called with small inputs:    3949432.1405682368        4.3287201125327344E-006   4273805.7755726352        4.3287201125327344E-006   4624159.6809104588        3371332.5151385870     
 MM somehow called with small inputs:    3647235.4003435578        4.3287201125327344E-006   4273805.7755726352        4.3287201125327344E-006   4624159.6809104588        3371332.5151385870     
 IIp called with small input:    4.3287201125327344E-006   4273805.7755726352        4624159.6809104588        3371332.5151385870     
 MM somehow called with small inputs:    3647235.4003435578        4.3287201125327344E-006   3446417.3673175685        4.3287201125327344E-006   4624159.6809104588        3371332.5151385870     
 IIp called with small input:    4.3287201125327344E-006   3446417.3673175685        4624159.6809104588        3371332.5151385870     
 Higgs mass outside range of cross section fit (gluon fusion):            3
 Higgs mass outside range of cross section fit (vector boson fusion):            3
 Higgs mass outside range of cross section fit (associated W production):            3
 Higgs mass outside range of cross section fit (associated Z production):            3
 Higgs mass outside range of cross section fit (associated top production):            3
 Higgs mass outside range of cross section fit (gluon fusion):            4
 Higgs mass outside range of cross section fit (vector boson fusion):            4
 Higgs mass outside range of cross section fit (associated W production):            4
 Higgs mass outside range of cross section fit (associated Z production):            4
 Higgs mass outside range of cross section fit (associated top production):            4
 Higgs mass outside range of cross section fit (gluon fusion):            2
 Higgs mass outside range of cross section fit (vector boson fusion):            2
 Higgs mass outside range of cross section fit (associated W production):            2
 Higgs mass outside range of cross section fit (associated Z production):            2
 Higgs mass outside range of cross section fit (associated top production):            2
 Higgs mass outside range of cross section fit (gluon fusion):            3
 Higgs mass outside range of cross section fit (vector boson fusion):            3
 Higgs mass outside range of cross section fit (associated W production):            3
 Higgs mass outside range of cross section fit (associated Z production):            3
 Higgs mass outside range of cross section fit (associated top production):            3
 Higgs mass outside range of cross section fit (gluon fusion):            4
 Higgs mass outside range of cross section fit (vector boson fusion):            4
 Higgs mass outside range of cross section fit (associated W production):            4
 Higgs mass outside range of cross section fit (associated Z production):            4
 Higgs mass outside range of cross section fit (associated top production):            4
 Numerical problem in MonopoleSFF
 Involved masses:    6461.8810268758980        2.1246811608983659E-014   2.1246811608983659E-014
 Numerical problem in MonopoleSFF
 Involved masses:    6461.8810268758980        2.1246811608983659E-014   2.1246811608983659E-014
 Numerical problem in MonopoleSFF
 Involved masses:    6461.8810268758980        2.1246811608983659E-014   2.1462697537154715E-014
 Numerical problem in MonopoleSFF
 Involved masses:    6461.8810268758980        2.1246811608983659E-014   2.1462697537154715E-014
 Numerical problem in MonopoleSFF
 Involved masses:    6461.8810268758980        2.1246811608983659E-014   2.5085131156648467E-014
 Numerical problem in MonopoleSFF
 Involved masses:    6461.8810268758980        2.1246811608983659E-014   2.5085131156648467E-014
 Numerical problem in MonopoleSFF
 Involved masses:    6461.8810268758980        2.1462697537154715E-014   2.1246811608983659E-014
 Numerical problem in MonopoleSFF
 Involved masses:    6461.8810268758980        2.1462697537154715E-014   2.1246811608983659E-014
 Numerical problem in MonopoleSFF
 Involved masses:    6461.8810268758980        2.1462697537154715E-014   2.1462697537154715E-014
 Numerical problem in MonopoleSFF
 Involved masses:    6461.8810268758980        2.1462697537154715E-014   2.1462697537154715E-014
 Numerical problem in MonopoleSFF
 Involved masses:    6461.8810268758980        2.1462697537154715E-014   2.5085131156648467E-014
 Numerical problem in MonopoleSFF
 Involved masses:    6461.8810268758980        2.1462697537154715E-014   2.5085131156648467E-014
 Numerical problem in MonopoleSFF
 Involved masses:    6461.8810268758980        2.5085131156648467E-014   2.1246811608983659E-014
 Numerical problem in MonopoleSFF
 Involved masses:    6461.8810268758980        2.5085131156648467E-014   2.1246811608983659E-014
 Numerical problem in MonopoleSFF
 Involved masses:    6461.8810268758980        2.5085131156648467E-014   2.1462697537154715E-014
 Numerical problem in MonopoleSFF
 Involved masses:    6461.8810268758980        2.5085131156648467E-014   2.1462697537154715E-014
 Numerical problem in MonopoleSFF
 Involved masses:    6461.8810268758980        2.5085131156648467E-014   2.5085131156648467E-014
 Numerical problem in MonopoleSFF
 Involved masses:    6461.8810268758980        2.5085131156648467E-014   2.5085131156648467E-014
 Numerical problem in MonopoleSFF
 Involved masses:    1586577.5464166966        2.1246811608983659E-014   2.1246811608983659E-014
 Numerical problem in MonopoleSFF
 Involved masses:    1586577.5464166966        2.1246811608983659E-014   2.1246811608983659E-014
 Numerical problem in MonopoleSFF
 Involved masses:    1586577.5464166966        2.1246811608983659E-014   2.1462697537154715E-014
 Numerical problem in MonopoleSFF
 Involved masses:    1586577.5464166966        2.1246811608983659E-014   2.1462697537154715E-014
 Numerical problem in MonopoleSFF
 Involved masses:    1586577.5464166966        2.1246811608983659E-014   2.5085131156648467E-014
 Numerical problem in MonopoleSFF
 Involved masses:    1586577.5464166966        2.1246811608983659E-014   2.5085131156648467E-014
 Numerical problem in MonopoleSFF
 Involved masses:    1586577.5464166966        2.1462697537154715E-014   2.1246811608983659E-014
 Numerical problem in MonopoleSFF
 Involved masses:    1586577.5464166966        2.1462697537154715E-014   2.1246811608983659E-014
 Numerical problem in MonopoleSFF
 Involved masses:    1586577.5464166966        2.1462697537154715E-014   2.1462697537154715E-014
 Numerical problem in MonopoleSFF
 Involved masses:    1586577.5464166966        2.1462697537154715E-014   2.1462697537154715E-014
 Numerical problem in MonopoleSFF
 Involved masses:    1586577.5464166966        2.1462697537154715E-014   2.5085131156648467E-014
 Numerical problem in MonopoleSFF
 Involved masses:    1586577.5464166966        2.1462697537154715E-014   2.5085131156648467E-014
 Numerical problem in MonopoleSFF
 Involved masses:    1586577.5464166966        2.5085131156648467E-014   2.1246811608983659E-014
 Numerical problem in MonopoleSFF
 Involved masses:    1586577.5464166966        2.5085131156648467E-014   2.1246811608983659E-014
 Numerical problem in MonopoleSFF
 Involved masses:    1586577.5464166966        2.5085131156648467E-014   2.1462697537154715E-014
 Numerical problem in MonopoleSFF
 Involved masses:    1586577.5464166966        2.5085131156648467E-014   2.1462697537154715E-014
 Numerical problem in MonopoleSFF
 Involved masses:    1586577.5464166966        2.5085131156648467E-014   2.5085131156648467E-014
 Numerical problem in MonopoleSFF
 Involved masses:    1586577.5464166966        2.5085131156648467E-014   2.5085131156648467E-014
 Numerical problem in MonopoleVFF
 Involved masses:    6461.8810268758980        2.1246811608983659E-014   2.1246811608983659E-014
 Numerical problem in MonopoleVFF
 Involved masses:    6461.8810268758980        2.1246811608983659E-014   2.1246811608983659E-014
 Numerical problem in MonopoleVFF
 Involved masses:    6461.8810268758980        2.1246811608983659E-014   2.1462697537154715E-014
 Numerical problem in MonopoleVFF
 Involved masses:    6461.8810268758980        2.1246811608983659E-014   2.1462697537154715E-014
 Numerical problem in MonopoleVFF
 Involved masses:    6461.8810268758980        2.1246811608983659E-014   2.5085131156648467E-014
 Numerical problem in MonopoleVFF
 Involved masses:    6461.8810268758980        2.1246811608983659E-014   2.5085131156648467E-014
 Numerical problem in MonopoleVFF
 Involved masses:    6461.8810268758980        2.1462697537154715E-014   2.1246811608983659E-014
 Numerical problem in MonopoleVFF
 Involved masses:    6461.8810268758980        2.1462697537154715E-014   2.1246811608983659E-014
 Numerical problem in MonopoleVFF
 Involved masses:    6461.8810268758980        2.1462697537154715E-014   2.1462697537154715E-014
 Numerical problem in MonopoleVFF
 Involved masses:    6461.8810268758980        2.1462697537154715E-014   2.1462697537154715E-014
 Numerical problem in MonopoleVFF
 Involved masses:    6461.8810268758980        2.1462697537154715E-014   2.5085131156648467E-014
 Numerical problem in MonopoleVFF
 Involved masses:    6461.8810268758980        2.1462697537154715E-014   2.5085131156648467E-014
 Numerical problem in MonopoleVFF
 Involved masses:    6461.8810268758980        2.5085131156648467E-014   2.1246811608983659E-014
 Numerical problem in MonopoleVFF
 Involved masses:    6461.8810268758980        2.5085131156648467E-014   2.1246811608983659E-014
 Numerical problem in MonopoleVFF
 Involved masses:    6461.8810268758980        2.5085131156648467E-014   2.1462697537154715E-014
 Numerical problem in MonopoleVFF
 Involved masses:    6461.8810268758980        2.5085131156648467E-014   2.1462697537154715E-014
 Numerical problem in MonopoleVFF
 Involved masses:    6461.8810268758980        2.5085131156648467E-014   2.5085131156648467E-014
 Numerical problem in MonopoleVFF
 Involved masses:    6461.8810268758980        2.5085131156648467E-014   2.5085131156648467E-014
 Numerical problem in MonopoleSFF
 Involved masses:    6461.8810268758980        2.1246811608983659E-014   2.1246811608983659E-014
 Numerical problem in MonopoleSFF
 Involved masses:    6461.8810268758980        2.1246811608983659E-014   2.1246811608983659E-014
 Numerical problem in MonopoleSFF
 Involved masses:    6461.8810268758980        2.1246811608983659E-014   2.1462697537154715E-014
 Numerical problem in MonopoleSFF
 Involved masses:    6461.8810268758980        2.1246811608983659E-014   2.1462697537154715E-014
 Numerical problem in MonopoleSFF
 Involved masses:    6461.8810268758980        2.1246811608983659E-014   2.5085131156648467E-014
 Numerical problem in MonopoleSFF
 Involved masses:    6461.8810268758980        2.1246811608983659E-014   2.5085131156648467E-014
 Numerical problem in MonopoleSFF
 Involved masses:    6461.8810268758980        2.1462697537154715E-014   2.1246811608983659E-014
 Numerical problem in MonopoleSFF
 Involved masses:    6461.8810268758980        2.1462697537154715E-014   2.1246811608983659E-014
 Numerical problem in MonopoleSFF
 Involved masses:    6461.8810268758980        2.1462697537154715E-014   2.1462697537154715E-014
 Numerical problem in MonopoleSFF
 Involved masses:    6461.8810268758980        2.1462697537154715E-014   2.1462697537154715E-014
 Numerical problem in MonopoleSFF
 Involved masses:    6461.8810268758980        2.1462697537154715E-014   2.5085131156648467E-014
 Numerical problem in MonopoleSFF
 Involved masses:    6461.8810268758980        2.1462697537154715E-014   2.5085131156648467E-014
 Numerical problem in MonopoleSFF
 Involved masses:    6461.8810268758980        2.5085131156648467E-014   2.1246811608983659E-014
 Numerical problem in MonopoleSFF
 Involved masses:    6461.8810268758980        2.5085131156648467E-014   2.1246811608983659E-014
 Numerical problem in MonopoleSFF
 Involved masses:    6461.8810268758980        2.5085131156648467E-014   2.1462697537154715E-014
 Numerical problem in MonopoleSFF
 Involved masses:    6461.8810268758980        2.5085131156648467E-014   2.1462697537154715E-014
 Numerical problem in MonopoleSFF
 Involved masses:    6461.8810268758980        2.5085131156648467E-014   2.5085131156648467E-014
 Numerical problem in MonopoleSFF
 Involved masses:    6461.8810268758980        2.5085131156648467E-014   2.5085131156648467E-014
 Numerical problem in MonopoleSFF
 Involved masses:    1586577.5464166966        2.1246811608983659E-014   2.1246811608983659E-014
 Numerical problem in MonopoleSFF
 Involved masses:    1586577.5464166966        2.1246811608983659E-014   2.1246811608983659E-014
 Numerical problem in MonopoleSFF
 Involved masses:    1586577.5464166966        2.1246811608983659E-014   2.1462697537154715E-014
 Numerical problem in MonopoleSFF
 Involved masses:    1586577.5464166966        2.1246811608983659E-014   2.1462697537154715E-014
 Numerical problem in MonopoleSFF
 Involved masses:    1586577.5464166966        2.1246811608983659E-014   2.5085131156648467E-014
 Numerical problem in MonopoleSFF
 Involved masses:    1586577.5464166966        2.1246811608983659E-014   2.5085131156648467E-014
 Numerical problem in MonopoleSFF
 Involved masses:    1586577.5464166966        2.1462697537154715E-014   2.1246811608983659E-014
 Numerical problem in MonopoleSFF
 Involved masses:    1586577.5464166966        2.1462697537154715E-014   2.1246811608983659E-014
 Numerical problem in MonopoleSFF
 Involved masses:    1586577.5464166966        2.1462697537154715E-014   2.1462697537154715E-014
 Numerical problem in MonopoleSFF
 Involved masses:    1586577.5464166966        2.1462697537154715E-014   2.1462697537154715E-014
 Numerical problem in MonopoleSFF
 Involved masses:    1586577.5464166966        2.1462697537154715E-014   2.5085131156648467E-014
 Numerical problem in MonopoleSFF
 Involved masses:    1586577.5464166966        2.1462697537154715E-014   2.5085131156648467E-014
 Numerical problem in MonopoleSFF
 Involved masses:    1586577.5464166966        2.5085131156648467E-014   2.1246811608983659E-014
 Numerical problem in MonopoleSFF
 Involved masses:    1586577.5464166966        2.5085131156648467E-014   2.1246811608983659E-014
 Numerical problem in MonopoleSFF
 Involved masses:    1586577.5464166966        2.5085131156648467E-014   2.1462697537154715E-014
 Numerical problem in MonopoleSFF
 Involved masses:    1586577.5464166966        2.5085131156648467E-014   2.1462697537154715E-014
 Numerical problem in MonopoleSFF
 Involved masses:    1586577.5464166966        2.5085131156648467E-014   2.5085131156648467E-014
 Numerical problem in MonopoleSFF
 Involved masses:    1586577.5464166966        2.5085131156648467E-014   2.5085131156648467E-014
 Numerical problem in MonopoleVFF
 Involved masses:    6461.8810268758980        2.1246811608983659E-014   2.1246811608983659E-014
 Numerical problem in MonopoleVFF
 Involved masses:    6461.8810268758980        2.1246811608983659E-014   2.1246811608983659E-014
 Numerical problem in MonopoleVFF
 Involved masses:    6461.8810268758980        2.1246811608983659E-014   2.1462697537154715E-014
 Numerical problem in MonopoleVFF
 Involved masses:    6461.8810268758980        2.1246811608983659E-014   2.1462697537154715E-014
 Numerical problem in MonopoleVFF
 Involved masses:    6461.8810268758980        2.1246811608983659E-014   2.5085131156648467E-014
 Numerical problem in MonopoleVFF
 Involved masses:    6461.8810268758980        2.1246811608983659E-014   2.5085131156648467E-014
 Numerical problem in MonopoleVFF
 Involved masses:    6461.8810268758980        2.1462697537154715E-014   2.1246811608983659E-014
 Numerical problem in MonopoleVFF
 Involved masses:    6461.8810268758980        2.1462697537154715E-014   2.1246811608983659E-014
 Numerical problem in MonopoleVFF
 Involved masses:    6461.8810268758980        2.1462697537154715E-014   2.1462697537154715E-014
 Numerical problem in MonopoleVFF
 Involved masses:    6461.8810268758980        2.1462697537154715E-014   2.1462697537154715E-014
 Numerical problem in MonopoleVFF
 Involved masses:    6461.8810268758980        2.1462697537154715E-014   2.5085131156648467E-014
 Numerical problem in MonopoleVFF
 Involved masses:    6461.8810268758980        2.1462697537154715E-014   2.5085131156648467E-014
 Numerical problem in MonopoleVFF
 Involved masses:    6461.8810268758980        2.5085131156648467E-014   2.1246811608983659E-014
 Numerical problem in MonopoleVFF
 Involved masses:    6461.8810268758980        2.5085131156648467E-014   2.1246811608983659E-014
 Numerical problem in MonopoleVFF
 Involved masses:    6461.8810268758980        2.5085131156648467E-014   2.1462697537154715E-014
 Numerical problem in MonopoleVFF
 Involved masses:    6461.8810268758980        2.5085131156648467E-014   2.1462697537154715E-014
 Numerical problem in MonopoleVFF
 Involved masses:    6461.8810268758980        2.5085131156648467E-014   2.5085131156648467E-014
 Numerical problem in MonopoleVFF
 Involved masses:    6461.8810268758980        2.5085131156648467E-014   2.5085131156648467E-014
 Numerical problem in MonopoleSFF
 Involved masses:    6461.8810268758980        2.1246811608983659E-014   2.1246811608983659E-014
 Numerical problem in MonopoleSFF
 Involved masses:    6461.8810268758980        2.1246811608983659E-014   2.1246811608983659E-014
 Numerical problem in MonopoleSFF
