 RGE Running            1 .-iteration
 RGE Running            2 .-iteration
 RGE Running            3 .-iteration
 RGE Running            4 .-iteration
 RGE Running            5 .-iteration
 RGE Running            6 .-iteration
 IIp called with small input:    4.1210907854405276E-006   18831106.422762845        15644664.688138336        12765204.204059284     
 IIp called with small input:    4.1210907854405276E-006   18831106.422762845        15643921.924520822        12765204.204059284     
 IIp called with small input:    4.1210907854405276E-006   18831106.422762845        14213386.509281041        12765204.204059284     
 IIp called with small input:    1.2254058535346323E-006   18831106.422762845        15644664.643959239        12765204.204059284     
 IIp called with small input:    1.2254058535346323E-006   18831106.422762845        14295961.006732969        12765204.204059284     
 MM somehow called with small inputs:    15644664.688138336        4.1210907854405276E-006   14213386.509281041        4.1210907854405276E-006   18831106.422762845        12765204.204059284     
 MM somehow called with small inputs:    15644664.688138336        4.1210907854405276E-006   14213386.509281041        4.1210907854405276E-006   18831106.422762845        12765204.204059284     
 MM somehow called with small inputs:    15643921.924520822        4.1210907854405276E-006   15643921.924520822        4.1210907854405276E-006   18831106.422762845        12765204.204059284     
 IIp called with small input:    4.1210907854405276E-006   15643921.924520822        18831106.422762845        12765204.204059284     
 MM somehow called with small inputs:    15643921.924520822        4.1210907854405276E-006   13217770.703003736        4.1210907854405276E-006   18831106.422762845        12765204.204059284     
 IIp called with small input:    4.1210907854405276E-006   13217770.703003736        18831106.422762845        12765204.204059284     
 MM somehow called with small inputs:    15643921.924520822        4.1210907854405276E-006   14213386.509281041        4.1210907854405276E-006   18831106.422762845        12765204.204059284     
 MM somehow called with small inputs:    15643921.924520822        4.1210907854405276E-006   14213386.509281041        4.1210907854405276E-006   18831106.422762845        12765204.204059284     
 MM somehow called with small inputs:    15643921.924520822        4.1210907854405276E-006   13468242.202934336        4.1210907854405276E-006   18831106.422762845        12765204.204059284     
 IIp called with small input:    4.1210907854405276E-006   13468242.202934336        18831106.422762845        12765204.204059284     
 MM somehow called with small inputs:    13217770.703003736        4.1210907854405276E-006   15643921.924520822        4.1210907854405276E-006   18831106.422762845        12765204.204059284     
 IIp called with small input:    4.1210907854405276E-006   15643921.924520822        18831106.422762845        12765204.204059284     
 MM somehow called with small inputs:    13217770.703003736        4.1210907854405276E-006   13217770.703003736        4.1210907854405276E-006   18831106.422762845        12765204.204059284     
 IIp called with small input:    4.1210907854405276E-006   13217770.703003736        18831106.422762845        12765204.204059284     
 MM somehow called with small inputs:    14213386.509281041        4.1210907854405276E-006   15644664.688138336        4.1210907854405276E-006   18831106.422762845        12765204.204059284     
 MM somehow called with small inputs:    14213386.509281041        4.1210907854405276E-006   15644664.688138336        4.1210907854405276E-006   18831106.422762845        12765204.204059284     
 MM somehow called with small inputs:    14213386.509281041        4.1210907854405276E-006   15643921.924520822        4.1210907854405276E-006   18831106.422762845        12765204.204059284     
 MM somehow called with small inputs:    14213386.509281041        4.1210907854405276E-006   15643921.924520822        4.1210907854405276E-006   18831106.422762845        12765204.204059284     
 MM somehow called with small inputs:    13468242.202934336        4.1210907854405276E-006   15643921.924520822        4.1210907854405276E-006   18831106.422762845        12765204.204059284     
 IIp called with small input:    4.1210907854405276E-006   15643921.924520822        18831106.422762845        12765204.204059284     
 MM somehow called with small inputs:    13468242.202934336        4.1210907854405276E-006   13468242.202934336        4.1210907854405276E-006   18831106.422762845        12765204.204059284     
 IIp called with small input:    4.1210907854405276E-006   13468242.202934336        18831106.422762845        12765204.204059284     
 MM somehow called with small inputs:    10444994.131352397        4.1210907854405276E-006   10444994.131352397        4.1210907854405276E-006   3489234.5582151720        12765204.204059284     
 IIp called with small input:    4.1210907854405276E-006   10444994.131352397        3489234.5582151720        12765204.204059284     
 MM somehow called with small inputs:    15644664.688138336        4.1210907854405276E-006   14213386.509281041        4.1210907854405276E-006   18831106.422762845        12765204.204059284     
 MM somehow called with small inputs:    15644664.688138336        4.1210907854405276E-006   14213386.509281041        4.1210907854405276E-006   18831106.422762845        12765204.204059284     
 MM somehow called with small inputs:    15643921.924520822        4.1210907854405276E-006   13217770.703003736        4.1210907854405276E-006   18831106.422762845        12765204.204059284     
 IIp called with small input:    4.1210907854405276E-006   13217770.703003736        18831106.422762845        12765204.204059284     
 MM somehow called with small inputs:    15643921.924520822        4.1210907854405276E-006   14213386.509281041        4.1210907854405276E-006   18831106.422762845        12765204.204059284     
 MM somehow called with small inputs:    15643921.924520822        4.1210907854405276E-006   14213386.509281041        4.1210907854405276E-006   18831106.422762845        12765204.204059284     
 MM somehow called with small inputs:    15643921.924520822        4.1210907854405276E-006   13468242.202934336        4.1210907854405276E-006   18831106.422762845        12765204.204059284     
 IIp called with small input:    4.1210907854405276E-006   13468242.202934336        18831106.422762845        12765204.204059284     
 MM somehow called with small inputs:    13217770.703003736        4.1210907854405276E-006   15643921.924520822        4.1210907854405276E-006   18831106.422762845        12765204.204059284     
 IIp called with small input:    4.1210907854405276E-006   15643921.924520822        18831106.422762845        12765204.204059284     
 MM somehow called with small inputs:    13217770.703003736        4.1210907854405276E-006   13468242.202934336        4.1210907854405276E-006   18831106.422762845        12765204.204059284     
 IIp called with small input:    4.1210907854405276E-006   13468242.202934336        18831106.422762845        12765204.204059284     
 MM somehow called with small inputs:    14213386.509281041        4.1210907854405276E-006   15644664.688138336        4.1210907854405276E-006   18831106.422762845        12765204.204059284     
 MM somehow called with small inputs:    14213386.509281041        4.1210907854405276E-006   15644664.688138336        4.1210907854405276E-006   18831106.422762845        12765204.204059284     
 MM somehow called with small inputs:    14213386.509281041        4.1210907854405276E-006   15643921.924520822        4.1210907854405276E-006   18831106.422762845        12765204.204059284     
 MM somehow called with small inputs:    14213386.509281041        4.1210907854405276E-006   15643921.924520822        4.1210907854405276E-006   18831106.422762845        12765204.204059284     
 MM somehow called with small inputs:    13468242.202934336        4.1210907854405276E-006   15643921.924520822        4.1210907854405276E-006   18831106.422762845        12765204.204059284     
