 RGE Running            1 .-iteration
 RGE Running            2 .-iteration
 RGE Running            3 .-iteration
 RGE Running            4 .-iteration
 RGE Running            5 .-iteration
 IIp called with small input:    4.2918789025157747E-006   16877793.956391964        13973578.468644245        11391205.270907626     
 IIp called with small input:    4.2918789025157747E-006   16877793.956391964        13973073.637669196        11391205.270907626     
 IIp called with small input:    4.2918789025157747E-006   16877793.956391964        12695469.296678968        11391205.270907626     
 IIp called with small input:    1.2394051441069559E-006   16877793.956391964        13973578.428097250        11391205.270907626     
 IIp called with small input:    1.2394051441069559E-006   16877793.956391964        12769821.783712246        11391205.270907626     
 MM somehow called with small inputs:    13973578.468644245        4.2918789025157747E-006   12695469.296678968        4.2918789025157747E-006   16877793.956391964        11391205.270907626     
 MM somehow called with small inputs:    13973578.468644245        4.2918789025157747E-006   12695469.296678968        4.2918789025157747E-006   16877793.956391964        11391205.270907626     
 MM somehow called with small inputs:    13973073.637669196        4.2918789025157747E-006   11958236.271151317        4.2918789025157747E-006   16877793.956391964        11391205.270907626     
 IIp called with small input:    4.2918789025157747E-006   11958236.271151317        16877793.956391964        11391205.270907626     
 MM somehow called with small inputs:    13973073.637669196        4.2918789025157747E-006   12695469.296678968        4.2918789025157747E-006   16877793.956391964        11391205.270907626     
 MM somehow called with small inputs:    13973073.637669196        4.2918789025157747E-006   12695469.296678968        4.2918789025157747E-006   16877793.956391964        11391205.270907626     
 MM somehow called with small inputs:    13973073.637669196        4.2918789025157747E-006   12205651.839027524        4.2918789025157747E-006   16877793.956391964        11391205.270907626     
 IIp called with small input:    4.2918789025157747E-006   12205651.839027524        16877793.956391964        11391205.270907626     
 MM somehow called with small inputs:    11958236.271151317        4.2918789025157747E-006   13973073.637669196        4.2918789025157747E-006   16877793.956391964        11391205.270907626     
 IIp called with small input:    4.2918789025157747E-006   13973073.637669196        16877793.956391964        11391205.270907626     
 MM somehow called with small inputs:    11958236.271151317        4.2918789025157747E-006   11958236.271151317        4.2918789025157747E-006   16877793.956391964        11391205.270907626     
 IIp called with small input:    4.2918789025157747E-006   11958236.271151317        16877793.956391964        11391205.270907626     
 MM somehow called with small inputs:    11958236.271151317        4.2918789025157747E-006   12205651.839027524        4.2918789025157747E-006   16877793.956391964        11391205.270907626     
 IIp called with small input:    4.2918789025157747E-006   12205651.839027524        16877793.956391964        11391205.270907626     
 MM somehow called with small inputs:    12695469.296678968        4.2918789025157747E-006   13973578.468644245        4.2918789025157747E-006   16877793.956391964        11391205.270907626     
 MM somehow called with small inputs:    12695469.296678968        4.2918789025157747E-006   13973578.468644245        4.2918789025157747E-006   16877793.956391964        11391205.270907626     
 MM somehow called with small inputs:    12695469.296678968        4.2918789025157747E-006   13973073.637669196        4.2918789025157747E-006   16877793.956391964        11391205.270907626     
 MM somehow called with small inputs:    12695469.296678968        4.2918789025157747E-006   13973073.637669196        4.2918789025157747E-006   16877793.956391964        11391205.270907626     
 MM somehow called with small inputs:    12205651.839027524        4.2918789025157747E-006   13973073.637669196        4.2918789025157747E-006   16877793.956391964        11391205.270907626     
 IIp called with small input:    4.2918789025157747E-006   13973073.637669196        16877793.956391964        11391205.270907626     
 MM somehow called with small inputs:    12205651.839027524        4.2918789025157747E-006   11958236.271151317        4.2918789025157747E-006   16877793.956391964        11391205.270907626     
 IIp called with small input:    4.2918789025157747E-006   11958236.271151317        16877793.956391964        11391205.270907626     
 MM somehow called with small inputs:    13973578.468644245        4.2918789025157747E-006   12695469.296678968        4.2918789025157747E-006   16877793.956391964        11391205.270907626     
 MM somehow called with small inputs:    13973578.468644245        4.2918789025157747E-006   12695469.296678968        4.2918789025157747E-006   16877793.956391964        11391205.270907626     
 MM somehow called with small inputs:    13973073.637669196        4.2918789025157747E-006   11958236.271151317        4.2918789025157747E-006   16877793.956391964        11391205.270907626     
 IIp called with small input:    4.2918789025157747E-006   11958236.271151317        16877793.956391964        11391205.270907626     
 MM somehow called with small inputs:    13973073.637669196        4.2918789025157747E-006   12695469.296678968        4.2918789025157747E-006   16877793.956391964        11391205.270907626     
 MM somehow called with small inputs:    13973073.637669196        4.2918789025157747E-006   12695469.296678968        4.2918789025157747E-006   16877793.956391964        11391205.270907626     
 MM somehow called with small inputs:    13973073.637669196        4.2918789025157747E-006   12205651.839027524        4.2918789025157747E-006   16877793.956391964        11391205.270907626     
 IIp called with small input:    4.2918789025157747E-006   12205651.839027524        16877793.956391964        11391205.270907626     
 MM somehow called with small inputs:    11958236.271151317        4.2918789025157747E-006   13973073.637669196        4.2918789025157747E-006   16877793.956391964        11391205.270907626     
 IIp called with small input:    4.2918789025157747E-006   13973073.637669196        16877793.956391964        11391205.270907626     
 MM somehow called with small inputs:    11958236.271151317        4.2918789025157747E-006   12205651.839027524        4.2918789025157747E-006   16877793.956391964        11391205.270907626     
 IIp called with small input:    4.2918789025157747E-006   12205651.839027524        16877793.956391964        11391205.270907626     
 MM somehow called with small inputs:    12695469.296678968        4.2918789025157747E-006   13973578.468644245        4.2918789025157747E-006   16877793.956391964        11391205.270907626     
 MM somehow called with small inputs:    12695469.296678968        4.2918789025157747E-006   13973578.468644245        4.2918789025157747E-006   16877793.956391964        11391205.270907626     
 MM somehow called with small inputs:    12695469.296678968        4.2918789025157747E-006   13973073.637669196        4.2918789025157747E-006   16877793.956391964        11391205.270907626     
 MM somehow called with small inputs:    12695469.296678968        4.2918789025157747E-006   13973073.637669196        4.2918789025157747E-006   16877793.956391964        11391205.270907626     
 MM somehow called with small inputs:    12205651.839027524        4.2918789025157747E-006   13973073.637669196        4.2918789025157747E-006   16877793.956391964        11391205.270907626     
 IIp called with small input:    4.2918789025157747E-006   13973073.637669196        16877793.956391964        11391205.270907626     
 MM somehow called with small inputs:    12205651.839027524        4.2918789025157747E-006   11958236.271151317        4.2918789025157747E-006   16877793.956391964        11391205.270907626     
 IIp called with small input:    4.2918789025157747E-006   11958236.271151317        16877793.956391964        11391205.270907626     
 Possible numerical problem in OneLoopMFv                              
 Higgs mass outside range of cross section fit (gluon fusion):            3
 Higgs mass outside range of cross section fit (vector boson fusion):            3
 Higgs mass outside range of cross section fit (associated W production):            3
 Higgs mass outside range of cross section fit (associated Z production):            3
 Higgs mass outside range of cross section fit (associated top production):            3
 Higgs mass outside range of cross section fit (gluon fusion):            4
 Higgs mass outside range of cross section fit (vector boson fusion):            4
 Higgs mass outside range of cross section fit (associated W production):            4
 Higgs mass outside range of cross section fit (associated Z production):            4
 Higgs mass outside range of cross section fit (associated top production):            4
 Higgs mass outside range of cross section fit (gluon fusion):            2
 Higgs mass outside range of cross section fit (vector boson fusion):            2
 Higgs mass outside range of cross section fit (associated W production):            2
 Higgs mass outside range of cross section fit (associated Z production):            2
 Higgs mass outside range of cross section fit (associated top production):            2
 Higgs mass outside range of cross section fit (gluon fusion):            3
 Higgs mass outside range of cross section fit (vector boson fusion):            3
 Higgs mass outside range of cross section fit (associated W production):            3
 Higgs mass outside range of cross section fit (associated Z production):            3
 Higgs mass outside range of cross section fit (associated top production):            3
 Higgs mass outside range of cross section fit (gluon fusion):            4
 Higgs mass outside range of cross section fit (vector boson fusion):            4
 Higgs mass outside range of cross section fit (associated W production):            4
 Higgs mass outside range of cross section fit (associated Z production):            4
 Higgs mass outside range of cross section fit (associated top production):            4
 Numerical problem in MonopoleSFF
 Involved masses:    6461.8810268758980        2.1352087057865158E-014   2.1352087057865158E-014
 Numerical problem in MonopoleSFF
 Involved masses:    6461.8810268758980        2.1352087057865158E-014   2.1352087057865158E-014
 Numerical problem in MonopoleSFF
 Involved masses:    6461.8810268758980        2.1352087057865158E-014   2.1506985308309670E-014
 Numerical problem in MonopoleSFF
 Involved masses:    6461.8810268758980        2.1352087057865158E-014   2.1506985308309670E-014
 Numerical problem in MonopoleSFF
 Involved masses:    6461.8810268758980        2.1352087057865158E-014   2.5136639469875349E-014
 Numerical problem in MonopoleSFF
 Involved masses:    6461.8810268758980        2.1352087057865158E-014   2.5136639469875349E-014
 Numerical problem in MonopoleSFF
 Involved masses:    6461.8810268758980        2.1506985308309670E-014   2.1352087057865158E-014
 Numerical problem in MonopoleSFF
 Involved masses:    6461.8810268758980        2.1506985308309670E-014   2.1352087057865158E-014
 Numerical problem in MonopoleSFF
 Involved masses:    6461.8810268758980        2.1506985308309670E-014   2.1506985308309670E-014
 Numerical problem in MonopoleSFF
 Involved masses:    6461.8810268758980        2.1506985308309670E-014   2.1506985308309670E-014
 Numerical problem in MonopoleSFF
 Involved masses:    6461.8810268758980        2.1506985308309670E-014   2.5136639469875349E-014
 Numerical problem in MonopoleSFF
 Involved masses:    6461.8810268758980        2.1506985308309670E-014   2.5136639469875349E-014
 Numerical problem in MonopoleSFF
 Involved masses:    6461.8810268758980        2.5136639469875349E-014   2.1352087057865158E-014
 Numerical problem in MonopoleSFF
 Involved masses:    6461.8810268758980        2.5136639469875349E-014   2.1352087057865158E-014
 Numerical problem in MonopoleSFF
 Involved masses:    6461.8810268758980        2.5136639469875349E-014   2.1506985308309670E-014
 Numerical problem in MonopoleSFF
 Involved masses:    6461.8810268758980        2.5136639469875349E-014   2.1506985308309670E-014
 Numerical problem in MonopoleSFF
 Involved masses:    6461.8810268758980        2.5136639469875349E-014   2.5136639469875349E-014
 Numerical problem in MonopoleSFF
 Involved masses:    6461.8810268758980        2.5136639469875349E-014   2.5136639469875349E-014
 Numerical problem in MonopoleSFF
 Involved masses:    6352476.3828872200        2.1352087057865158E-014   2.1352087057865158E-014
 Numerical problem in MonopoleSFF
 Involved masses:    6352476.3828872200        2.1352087057865158E-014   2.1352087057865158E-014
 Numerical problem in MonopoleSFF
 Involved masses:    6352476.3828872200        2.1352087057865158E-014   2.1506985308309670E-014
 Numerical problem in MonopoleSFF
 Involved masses:    6352476.3828872200        2.1352087057865158E-014   2.1506985308309670E-014
 Numerical problem in MonopoleSFF
 Involved masses:    6352476.3828872200        2.1352087057865158E-014   2.5136639469875349E-014
 Numerical problem in MonopoleSFF
 Involved masses:    6352476.3828872200        2.1352087057865158E-014   2.5136639469875349E-014
 Numerical problem in MonopoleSFF
 Involved masses:    6352476.3828872200        2.1506985308309670E-014   2.1352087057865158E-014
 Numerical problem in MonopoleSFF
 Involved masses:    6352476.3828872200        2.1506985308309670E-014   2.1352087057865158E-014
 Numerical problem in MonopoleSFF
 Involved masses:    6352476.3828872200        2.1506985308309670E-014   2.1506985308309670E-014
 Numerical problem in MonopoleSFF
 Involved masses:    6352476.3828872200        2.1506985308309670E-014   2.1506985308309670E-014
 Numerical problem in MonopoleSFF
 Involved masses:    6352476.3828872200        2.1506985308309670E-014   2.5136639469875349E-014
 Numerical problem in MonopoleSFF
 Involved masses:    6352476.3828872200        2.1506985308309670E-014   2.5136639469875349E-014
 Numerical problem in MonopoleSFF
 Involved masses:    6352476.3828872200        2.5136639469875349E-014   2.1352087057865158E-014
 Numerical problem in MonopoleSFF
 Involved masses:    6352476.3828872200        2.5136639469875349E-014   2.1352087057865158E-014
 Numerical problem in MonopoleSFF
 Involved masses:    6352476.3828872200        2.5136639469875349E-014   2.1506985308309670E-014
 Numerical problem in MonopoleSFF
 Involved masses:    6352476.3828872200        2.5136639469875349E-014   2.1506985308309670E-014
 Numerical problem in MonopoleSFF
 Involved masses:    6352476.3828872200        2.5136639469875349E-014   2.5136639469875349E-014
 Numerical problem in MonopoleSFF
 Involved masses:    6352476.3828872200        2.5136639469875349E-014   2.5136639469875349E-014
 Numerical problem in MonopoleVFF
 Involved masses:    6461.8810268758980        2.1352087057865158E-014   2.1352087057865158E-014
 Numerical problem in MonopoleVFF
 Involved masses:    6461.8810268758980        2.1352087057865158E-014   2.1352087057865158E-014
 Numerical problem in MonopoleVFF
 Involved masses:    6461.8810268758980        2.1352087057865158E-014   2.1506985308309670E-014
 Numerical problem in MonopoleVFF
 Involved masses:    6461.8810268758980        2.1352087057865158E-014   2.1506985308309670E-014
 Numerical problem in MonopoleVFF
 Involved masses:    6461.8810268758980        2.1352087057865158E-014   2.5136639469875349E-014
 Numerical problem in MonopoleVFF
 Involved masses:    6461.8810268758980        2.1352087057865158E-014   2.5136639469875349E-014
 Numerical problem in MonopoleVFF
 Involved masses:    6461.8810268758980        2.1506985308309670E-014   2.1352087057865158E-014
 Numerical problem in MonopoleVFF
 Involved masses:    6461.8810268758980        2.1506985308309670E-014   2.1352087057865158E-014
 Numerical problem in MonopoleVFF
 Involved masses:    6461.8810268758980        2.1506985308309670E-014   2.1506985308309670E-014
 Numerical problem in MonopoleVFF
 Involved masses:    6461.8810268758980        2.1506985308309670E-014   2.1506985308309670E-014
 Numerical problem in MonopoleVFF
 Involved masses:    6461.8810268758980        2.1506985308309670E-014   2.5136639469875349E-014
 Numerical problem in MonopoleVFF
 Involved masses:    6461.8810268758980        2.1506985308309670E-014   2.5136639469875349E-014
 Numerical problem in MonopoleVFF
 Involved masses:    6461.8810268758980        2.5136639469875349E-014   2.1352087057865158E-014
 Numerical problem in MonopoleVFF
 Involved masses:    6461.8810268758980        2.5136639469875349E-014   2.1352087057865158E-014
 Numerical problem in MonopoleVFF
 Involved masses:    6461.8810268758980        2.5136639469875349E-014   2.1506985308309670E-014
 Numerical problem in MonopoleVFF
 Involved masses:    6461.8810268758980        2.5136639469875349E-014   2.1506985308309670E-014
 Numerical problem in MonopoleVFF
 Involved masses:    6461.8810268758980        2.5136639469875349E-014   2.5136639469875349E-014
 Numerical problem in MonopoleVFF
 Involved masses:    6461.8810268758980        2.5136639469875349E-014   2.5136639469875349E-014
 Numerical problem in MonopoleSFF
 Involved masses:    6461.8810268758980        2.1352087057865158E-014   2.1352087057865158E-014
 Numerical problem in MonopoleSFF
 Involved masses:    6461.8810268758980        2.1352087057865158E-014   2.1352087057865158E-014
 Numerical problem in MonopoleSFF
 Involved masses:    6461.8810268758980        2.1352087057865158E-014   2.1506985308309670E-014
 Numerical problem in MonopoleSFF
 Involved masses:    6461.8810268758980        2.1352087057865158E-014   2.1506985308309670E-014
 Numerical problem in MonopoleSFF
 Involved masses:    6461.8810268758980        2.1352087057865158E-014   2.5136639469875349E-014
 Numerical problem in MonopoleSFF
 Involved masses:    6461.8810268758980        2.1352087057865158E-014   2.5136639469875349E-014
 Numerical problem in MonopoleSFF
 Involved masses:    6461.8810268758980        2.1506985308309670E-014   2.1352087057865158E-014
 Numerical problem in MonopoleSFF
 Involved masses:    6461.8810268758980        2.1506985308309670E-014   2.1352087057865158E-014
 Numerical problem in MonopoleSFF
 Involved masses:    6461.8810268758980        2.1506985308309670E-014   2.1506985308309670E-014
 Numerical problem in MonopoleSFF
 Involved masses:    6461.8810268758980        2.1506985308309670E-014   2.1506985308309670E-014
 Numerical problem in MonopoleSFF
 Involved masses:    6461.8810268758980        2.1506985308309670E-014   2.5136639469875349E-014
 Numerical problem in MonopoleSFF
 Involved masses:    6461.8810268758980        2.1506985308309670E-014   2.5136639469875349E-014
 Numerical problem in MonopoleSFF
 Involved masses:    6461.8810268758980        2.5136639469875349E-014   2.1352087057865158E-014
 Numerical problem in MonopoleSFF
 Involved masses:    6461.8810268758980        2.5136639469875349E-014   2.1352087057865158E-014
 Numerical problem in MonopoleSFF
 Involved masses:    6461.8810268758980        2.5136639469875349E-014   2.1506985308309670E-014
 Numerical problem in MonopoleSFF
 Involved masses:    6461.8810268758980        2.5136639469875349E-014   2.1506985308309670E-014
 Numerical problem in MonopoleSFF
 Involved masses:    6461.8810268758980        2.5136639469875349E-014   2.5136639469875349E-014
 Numerical problem in MonopoleSFF
 Involved masses:    6461.8810268758980        2.5136639469875349E-014   2.5136639469875349E-014
 Numerical problem in MonopoleSFF
 Involved masses:    6352476.3828872200        2.1352087057865158E-014   2.1352087057865158E-014
 Numerical problem in MonopoleSFF
 Involved masses:    6352476.3828872200        2.1352087057865158E-014   2.1352087057865158E-014
 Numerical problem in MonopoleSFF
 Involved masses:    6352476.3828872200        2.1352087057865158E-014   2.1506985308309670E-014
 Numerical problem in MonopoleSFF
 Involved masses:    6352476.3828872200        2.1352087057865158E-014   2.1506985308309670E-014
 Numerical problem in MonopoleSFF
 Involved masses:    6352476.3828872200        2.1352087057865158E-014   2.5136639469875349E-014
 Numerical problem in MonopoleSFF
 Involved masses:    6352476.3828872200        2.1352087057865158E-014   2.5136639469875349E-014
 Numerical problem in MonopoleSFF
 Involved masses:    6352476.3828872200        2.1506985308309670E-014   2.1352087057865158E-014
 Numerical problem in MonopoleSFF
 Involved masses:    6352476.3828872200        2.1506985308309670E-014   2.1352087057865158E-014
 Numerical problem in MonopoleSFF
 Involved masses:    6352476.3828872200        2.1506985308309670E-014   2.1506985308309670E-014
 Numerical problem in MonopoleSFF
 Involved masses:    6352476.3828872200        2.1506985308309670E-014   2.1506985308309670E-014
 Numerical problem in MonopoleSFF
 Involved masses:    6352476.3828872200        2.1506985308309670E-014   2.5136639469875349E-014
 Numerical problem in MonopoleSFF
 Involved masses:    6352476.3828872200        2.1506985308309670E-014   2.5136639469875349E-014
 Numerical problem in MonopoleSFF
 Involved masses:    6352476.3828872200        2.5136639469875349E-014   2.1352087057865158E-014
 Numerical problem in MonopoleSFF
 Involved masses:    6352476.3828872200        2.5136639469875349E-014   2.1352087057865158E-014
 Numerical problem in MonopoleSFF
 Involved masses:    6352476.3828872200        2.5136639469875349E-014   2.1506985308309670E-014
 Numerical problem in MonopoleSFF
 Involved masses:    6352476.3828872200        2.5136639469875349E-014   2.1506985308309670E-014
 Numerical problem in MonopoleSFF
 Involved masses:    6352476.3828872200        2.5136639469875349E-014   2.5136639469875349E-014
 Numerical problem in MonopoleSFF
 Involved masses:    6352476.3828872200        2.5136639469875349E-014   2.5136639469875349E-014
 Numerical problem in MonopoleVFF
 Involved masses:    6461.8810268758980        2.1352087057865158E-014   2.1352087057865158E-014
 Numerical problem in MonopoleVFF
 Involved masses:    6461.8810268758980        2.1352087057865158E-014   2.1352087057865158E-014
 Numerical problem in MonopoleVFF
 Involved masses:    6461.8810268758980        2.1352087057865158E-014   2.1506985308309670E-014
 Numerical problem in MonopoleVFF
 Involved masses:    6461.8810268758980        2.1352087057865158E-014   2.1506985308309670E-014
 Numerical problem in MonopoleVFF
 Involved masses:    6461.8810268758980        2.1352087057865158E-014   2.5136639469875349E-014
 Numerical problem in MonopoleVFF
 Involved masses:    6461.8810268758980        2.1352087057865158E-014   2.5136639469875349E-014
 Numerical problem in MonopoleVFF
 Involved masses:    6461.8810268758980        2.1506985308309670E-014   2.1352087057865158E-014
 Numerical problem in MonopoleVFF
 Involved masses:    6461.8810268758980        2.1506985308309670E-014   2.1352087057865158E-014
 Numerical problem in MonopoleVFF
 Involved masses:    6461.8810268758980        2.1506985308309670E-014   2.1506985308309670E-014
 Numerical problem in MonopoleVFF
 Involved masses:    6461.8810268758980        2.1506985308309670E-014   2.1506985308309670E-014
 Numerical problem in MonopoleVFF
 Involved masses:    6461.8810268758980        2.1506985308309670E-014   2.5136639469875349E-014
 Numerical problem in MonopoleVFF
 Involved masses:    6461.8810268758980        2.1506985308309670E-014   2.5136639469875349E-014
 Numerical problem in MonopoleVFF
 Involved masses:    6461.8810268758980        2.5136639469875349E-014   2.1352087057865158E-014
 Numerical problem in MonopoleVFF
 Involved masses:    6461.8810268758980        2.5136639469875349E-014   2.1352087057865158E-014
 Numerical problem in MonopoleVFF
 Involved masses:    6461.8810268758980        2.5136639469875349E-014   2.1506985308309670E-014
 Numerical problem in MonopoleVFF
 Involved masses:    6461.8810268758980        2.5136639469875349E-014   2.1506985308309670E-014
 Numerical problem in MonopoleVFF
